Component: ARM Compiler 5.05 (build 41) Tool: armlink [4d0eb9]

==============================================================================

Section Cross References

    main.o(i.advertising_init) refers to memseta.o(.text) for __aeabi_memclr4
    main.o(i.advertising_init) refers to ble_advertising.o(i.ble_advertising_init) for ble_advertising_init
    main.o(i.advertising_init) refers to app_error.o(i.app_error_handler) for app_error_handler
    main.o(i.advertising_init) refers to main.o(.data) for .data
    main.o(i.advertising_init) refers to main.o(i.on_adv_evt) for on_adv_evt
    main.o(i.assert_nrf_callback) refers to app_error.o(i.app_error_handler) for app_error_handler
    main.o(i.ble_evt_dispatch) refers to ble_conn_params.o(i.ble_conn_params_on_ble_evt) for ble_conn_params_on_ble_evt
    main.o(i.ble_evt_dispatch) refers to ble_gateway.o(i.ble_gateway_on_ble_evt) for ble_gateway_on_ble_evt
    main.o(i.ble_evt_dispatch) refers to main.o(i.on_ble_evt) for on_ble_evt
    main.o(i.ble_evt_dispatch) refers to ble_advertising.o(i.ble_advertising_on_ble_evt) for ble_advertising_on_ble_evt
    main.o(i.ble_evt_dispatch) refers to bsp_btn_ble.o(i.bsp_btn_ble_on_ble_evt) for bsp_btn_ble_on_ble_evt
    main.o(i.ble_evt_dispatch) refers to main.o(.bss) for .bss
    main.o(i.bsp_event_handler) refers to bsp.o(i.bsp_indication_set) for bsp_indication_set
    main.o(i.bsp_event_handler) refers to app_error.o(i.app_error_handler) for app_error_handler
    main.o(i.bsp_event_handler) refers to bsp_btn_ble.o(i.bsp_btn_ble_sleep_mode_prepare) for bsp_btn_ble_sleep_mode_prepare
    main.o(i.bsp_event_handler) refers to ble_advertising.o(i.ble_advertising_restart_without_whitelist) for ble_advertising_restart_without_whitelist
    main.o(i.bsp_event_handler) refers to main.o(.data) for .data
    main.o(i.conn_params_error_handler) refers to app_error.o(i.app_error_handler) for app_error_handler
    main.o(i.gateway_data_handler) refers to buffer.o(i.buffer_put) for buffer_put
    main.o(i.gateway_data_handler) refers to main.o(i.get_data) for get_data
    main.o(i.gateway_data_handler) refers to main.o(.data) for .data
    main.o(i.get_data) refers to buffer.o(i.buffer_get) for buffer_get
    main.o(i.get_data) refers to spi_slave.o(i.spi_slave_buffers_set) for spi_slave_buffers_set
    main.o(i.get_data) refers to main.o(.data) for .data
    main.o(i.main) refers to app_timer.o(i.app_timer_init) for app_timer_init
    main.o(i.main) refers to app_error.o(i.app_error_handler) for app_error_handler
    main.o(i.main) refers to softdevice_handler.o(i.softdevice_handler_init) for softdevice_handler_init
    main.o(i.main) refers to softdevice_handler.o(i.softdevice_ble_evt_handler_set) for softdevice_ble_evt_handler_set
    main.o(i.main) refers to led.o(i.led_init) for led_init
    main.o(i.main) refers to led.o(i.led_set) for led_set
    main.o(i.main) refers to ble_gateway.o(i.ble_gateway_init) for ble_gateway_init
    main.o(i.main) refers to buffer.o(i.buffer_init) for buffer_init
    main.o(i.main) refers to spi_slave_gateway.o(i.spi_slave_gateway_init) for spi_slave_gateway_init
    main.o(i.main) refers to main.o(i.advertising_init) for advertising_init
    main.o(i.main) refers to memseta.o(.text) for __aeabi_memclr4
    main.o(i.main) refers to ble_conn_params.o(i.ble_conn_params_init) for ble_conn_params_init
    main.o(i.main) refers to ble_advertising.o(i.ble_advertising_start) for ble_advertising_start
    main.o(i.main) refers to main.o(.bss) for .bss
    main.o(i.main) refers to main.o(i.ble_evt_dispatch) for ble_evt_dispatch
    main.o(i.main) refers to main.o(i.gateway_data_handler) for gateway_data_handler
    main.o(i.main) refers to main.o(.data) for .data
    main.o(i.main) refers to main.o(i.get_data) for get_data
    main.o(i.main) refers to main.o(i.on_conn_params_evt) for on_conn_params_evt
    main.o(i.main) refers to main.o(i.conn_params_error_handler) for conn_params_error_handler
    main.o(i.on_adv_evt) refers to bsp.o(i.bsp_indication_set) for bsp_indication_set
    main.o(i.on_adv_evt) refers to app_error.o(i.app_error_handler) for app_error_handler
    main.o(i.on_ble_evt) refers to app_error.o(i.app_error_handler) for app_error_handler
    main.o(i.on_ble_evt) refers to bsp.o(i.bsp_indication_set) for bsp_indication_set
    main.o(i.on_ble_evt) refers to main.o(.data) for .data
    main.o(i.on_conn_params_evt) refers to app_error.o(i.app_error_handler) for app_error_handler
    main.o(i.on_conn_params_evt) refers to main.o(.data) for .data
    main.o(.data) refers to main.o(.bss) for conn_id_buffer
    ble_gateway.o(i.ble_gateway_init) refers to ble_gateway.o(i.conn_id_char_add) for conn_id_char_add
    ble_gateway.o(i.ble_gateway_init) refers to ble_gateway.o(.constdata) for .constdata
    ble_gateway.o(i.conn_id_char_add) refers to memseta.o(.text) for __aeabi_memclr4
[...]
    pstorage.o(i.sm_state_change) refers to pstorage.o(i.state_data_erase_swap_entry_run) for state_data_erase_swap_entry_run
    pstorage.o(i.sm_state_change) refers to pstorage.o(.data) for .data
    pstorage.o(i.sm_state_change) refers to pstorage.o(.bss) for .bss
    pstorage.o(i.state_data_erase_swap_entry_run) refers to pstorage.o(i.pstorage_flash_page_size) for pstorage_flash_page_size
    pstorage.o(i.state_data_erase_swap_entry_run) refers to uidiv.o(.text) for __aeabi_uidivmod
    pstorage.o(i.state_data_erase_swap_entry_run) refers to pstorage.o(i.swap_sub_state_state_change) for swap_sub_state_state_change
    pstorage.o(i.state_data_erase_swap_entry_run) refers to pstorage.o(.data) for .data
    pstorage.o(i.state_data_erase_swap_entry_run) refers to pstorage.o(.bss) for .bss
    pstorage.o(i.state_erase_data_page_entry_run) refers to pstorage.o(i.flash_page_erase) for flash_page_erase
    pstorage.o(i.state_erase_data_page_entry_run) refers to pstorage.o(.data) for .data
    pstorage.o(i.state_restore_head_entry_run) refers to pstorage.o(i.pstorage_flash_page_end) for pstorage_flash_page_end
    pstorage.o(i.state_restore_head_entry_run) refers to pstorage.o(i.pstorage_flash_page_size) for pstorage_flash_page_size
    pstorage.o(i.state_restore_head_entry_run) refers to pstorage.o(i.flash_write) for flash_write
    pstorage.o(i.state_restore_head_entry_run) refers to pstorage.o(.data) for .data
    pstorage.o(i.state_restore_tail_entry_run) refers to pstorage.o(i.pstorage_flash_page_size) for pstorage_flash_page_size
    pstorage.o(i.state_restore_tail_entry_run) refers to uidiv.o(.text) for __aeabi_uidivmod
    pstorage.o(i.state_restore_tail_entry_run) refers to pstorage.o(i.pstorage_flash_page_end) for pstorage_flash_page_end
    pstorage.o(i.state_restore_tail_entry_run) refers to pstorage.o(i.flash_write) for flash_write
    pstorage.o(i.state_restore_tail_entry_run) refers to pstorage.o(.bss) for .bss
    pstorage.o(i.state_restore_tail_entry_run) refers to pstorage.o(.data) for .data
    pstorage.o(i.state_swap_erase_entry_run) refers to pstorage.o(i.pstorage_flash_page_size) for pstorage_flash_page_size
    pstorage.o(i.state_swap_erase_entry_run) refers to pstorage.o(i.pstorage_flash_page_end) for pstorage_flash_page_end
    pstorage.o(i.state_swap_erase_entry_run) refers to uidiv.o(.text) for __aeabi_uidivmod
    pstorage.o(i.state_swap_erase_entry_run) refers to pstorage.o(i.flash_page_erase) for flash_page_erase
    pstorage.o(i.state_write_data_swap_entry_run) refers to pstorage.o(i.pstorage_flash_page_size) for pstorage_flash_page_size
    pstorage.o(i.state_write_data_swap_entry_run) refers to pstorage.o(i.pstorage_flash_page_end) for pstorage_flash_page_end
    pstorage.o(i.state_write_data_swap_entry_run) refers to pstorage.o(i.flash_write) for flash_write
    pstorage.o(i.state_write_data_swap_entry_run) refers to pstorage.o(.data) for .data
    pstorage.o(i.store_cmd_flash_write_execute) refers to pstorage.o(i.pstorage_flash_page_size) for pstorage_flash_page_size
    pstorage.o(i.store_cmd_flash_write_execute) refers to pstorage.o(i.flash_write) for flash_write
    pstorage.o(i.store_cmd_flash_write_execute) refers to pstorage.o(.bss) for .bss
    pstorage.o(i.store_cmd_flash_write_execute) refers to pstorage.o(.data) for .data
    pstorage.o(i.swap_erase_state_run) refers to pstorage.o(i.swap_sub_state_state_change) for swap_sub_state_state_change
    pstorage.o(i.swap_erase_state_run) refers to pstorage.o(i.swap_sub_state_err_busy_process) for swap_sub_state_err_busy_process
    pstorage.o(i.swap_erase_state_run) refers to pstorage.o(.data) for .data
    pstorage.o(i.swap_sub_state_err_busy_process) refers to pstorage.o(i.swap_sub_state_state_change) for swap_sub_state_state_change
    pstorage.o(i.swap_sub_state_err_busy_process) refers to pstorage.o(.data) for .data
    pstorage.o(i.swap_sub_state_state_change) refers to pstorage.o(.data) for .data
    pstorage.o(i.swap_sub_state_state_change) refers to pstorage.o(.constdata) for .constdata
    pstorage.o(i.tail_restore_state_run) refers to pstorage.o(i.clear_post_processing_run) for clear_post_processing_run
    pstorage.o(i.tail_restore_state_run) refers to pstorage.o(i.swap_sub_state_err_busy_process) for swap_sub_state_err_busy_process
    pstorage.o(i.tail_restore_state_run) refers to pstorage.o(.data) for .data
    pstorage.o(.constdata) refers to pstorage.o(i.state_swap_erase_entry_run) for state_swap_erase_entry_run
    pstorage.o(.constdata) refers to pstorage.o(i.state_write_data_swap_entry_run) for state_write_data_swap_entry_run
    pstorage.o(.constdata) refers to pstorage.o(i.state_erase_data_page_entry_run) for state_erase_data_page_entry_run
    pstorage.o(.constdata) refers to pstorage.o(i.state_restore_tail_entry_run) for state_restore_tail_entry_run
    pstorage.o(.constdata) refers to pstorage.o(i.state_restore_head_entry_run) for state_restore_head_entry_run
    pstorage.o(.constdata) refers to pstorage.o(i.swap_erase_state_run) for swap_erase_state_run
    pstorage.o(.constdata) refers to pstorage.o(i.data_to_swap_write_state_run) for data_to_swap_write_state_run
    pstorage.o(.constdata) refers to pstorage.o(i.data_page_erase_state_run) for data_page_erase_state_run
    pstorage.o(.constdata) refers to pstorage.o(i.tail_restore_state_run) for tail_restore_state_run
    pstorage.o(.constdata) refers to pstorage.o(i.head_restore_state_run) for head_restore_state_run
    spi_slave.o(i.SPI1_TWI1_IRQHandler) refers to spi_slave.o(i.sm_state_change) for sm_state_change
    spi_slave.o(i.SPI1_TWI1_IRQHandler) refers to spi_slave.o(.data) for .data
    spi_slave.o(i.sm_state_change) refers to spi_slave.o(i.state_entry_action_execute) for state_entry_action_execute
    spi_slave.o(i.sm_state_change) refers to spi_slave.o(.data) for .data
    spi_slave.o(i.spi_slave_buffers_set) refers to spi_slave.o(i.sm_state_change) for sm_state_change
    spi_slave.o(i.spi_slave_buffers_set) refers to spi_slave.o(.data) for .data
    spi_slave.o(i.spi_slave_evt_handler_register) refers to spi_slave.o(.data) for .data
    spi_slave.o(i.spi_slave_init) refers to spi_slave.o(.data) for .data
    spi_slave.o(i.spi_slave_set_cs_pull_up_config) refers to spi_slave.o(.data) for .data
    spi_slave.o(i.spi_slave_set_drive_config) refers to spi_slave.o(.data) for .data
    spi_slave.o(i.state_entry_action_execute) refers to app_error.o(i.app_error_handler) for app_error_handler
    spi_slave.o(i.state_entry_action_execute) refers to spi_slave.o(.data) for .data
    app_button.o(i.app_button_disable) refers to nrf_drv_gpiote.o(i.nrf_drv_gpiote_in_event_disable) for nrf_drv_gpiote_in_event_disable
    app_button.o(i.app_button_disable) refers to app_timer.o(i.app_timer_stop) for app_timer_stop
    app_button.o(i.app_button_disable) refers to app_button.o(.data) for .data
    app_button.o(i.app_button_enable) refers to nrf_drv_gpiote.o(i.nrf_drv_gpiote_in_event_enable) for nrf_drv_gpiote_in_event_enable
    app_button.o(i.app_button_enable) refers to app_button.o(.data) for .data
    app_button.o(i.app_button_init) refers to nrf_drv_gpiote.o(i.nrf_drv_gpiote_is_init) for nrf_drv_gpiote_is_init
    app_button.o(i.app_button_init) refers to nrf_drv_gpiote.o(i.nrf_drv_gpiote_init) for nrf_drv_gpiote_init
    app_button.o(i.app_button_init) refers to nrf_drv_gpiote.o(i.nrf_drv_gpiote_in_init) for nrf_drv_gpiote_in_init
    app_button.o(i.app_button_init) refers to app_timer.o(i.app_timer_create) for app_timer_create
    app_button.o(i.app_button_init) refers to app_button.o(.data) for .data
    app_button.o(i.app_button_init) refers to app_button.o(.constdata) for .constdata
    app_button.o(i.app_button_init) refers to app_button.o(i.gpiote_event_handler) for gpiote_event_handler
    app_button.o(i.app_button_init) refers to app_button.o(i.detection_delay_timeout_handler) for detection_delay_timeout_handler
    app_button.o(i.app_button_is_pushed) refers to nrf_drv_gpiote.o(i.nrf_drv_gpiote_in_is_set) for nrf_drv_gpiote_in_is_set
    app_button.o(i.app_button_is_pushed) refers to app_button.o(.data) for .data
    app_button.o(i.detection_delay_timeout_handler) refers to nrf_drv_gpiote.o(i.nrf_drv_gpiote_in_is_set) for nrf_drv_gpiote_in_is_set
    app_button.o(i.detection_delay_timeout_handler) refers to app_button.o(.data) for .data
    app_button.o(i.gpiote_event_handler) refers to app_timer.o(i.app_timer_stop) for app_timer_stop
    app_button.o(i.gpiote_event_handler) refers to nrf_drv_gpiote.o(i.nrf_drv_gpiote_in_is_set) for nrf_drv_gpiote_in_is_set
    app_button.o(i.gpiote_event_handler) refers to app_timer.o(i.app_timer_start) for app_timer_start
    app_button.o(i.gpiote_event_handler) refers to app_button.o(.data) for .data
    app_timer.o(i.RTC1_IRQHandler) refers to app_timer.o(i.timer_timeouts_check) for timer_timeouts_check
    app_timer.o(i.SWI0_IRQHandler) refers to app_timer.o(i.elapsed_ticks_acquire) for elapsed_ticks_acquire
    app_timer.o(i.SWI0_IRQHandler) refers to app_timer.o(i.list_deletions_handler) for list_deletions_handler
    app_timer.o(i.SWI0_IRQHandler) refers to app_timer.o(i.expired_timers_handler) for expired_timers_handler
    app_timer.o(i.SWI0_IRQHandler) refers to app_timer.o(i.list_insertions_handler) for list_insertions_handler
    app_timer.o(i.SWI0_IRQHandler) refers to app_timer.o(i.compare_reg_update) for compare_reg_update
    app_timer.o(i.SWI0_IRQHandler) refers to app_timer.o(.data) for .data
    app_timer.o(i.app_timer_create) refers to app_timer.o(.data) for .data
    app_timer.o(i.app_timer_init) refers to app_timer.o(i.rtc1_stop) for rtc1_stop
    app_timer.o(i.app_timer_init) refers to app_timer.o(i.NVIC_SetPriority) for NVIC_SetPriority
    app_timer.o(i.app_timer_init) refers to app_timer.o(.data) for .data
    app_timer.o(i.app_timer_start) refers to app_timer.o(i.user_id_get) for user_id_get
    app_timer.o(i.app_timer_start) refers to app_timer.o(i.user_op_alloc) for user_op_alloc
    app_timer.o(i.app_timer_start) refers to app_timer.o(i.timer_list_handler_sched) for timer_list_handler_sched
    app_timer.o(i.app_timer_start) refers to app_timer.o(.data) for .data
    app_timer.o(i.app_timer_stop) refers to app_timer.o(i.user_id_get) for user_id_get
    app_timer.o(i.app_timer_stop) refers to app_timer.o(i.user_op_alloc) for user_op_alloc
    app_timer.o(i.app_timer_stop) refers to app_timer.o(i.timer_list_handler_sched) for timer_list_handler_sched
    app_timer.o(i.app_timer_stop) refers to app_timer.o(.data) for .data
    app_timer.o(i.app_timer_stop_all) refers to app_timer.o(i.user_id_get) for user_id_get
    app_timer.o(i.app_timer_stop_all) refers to app_timer.o(i.user_op_alloc) for user_op_alloc
    app_timer.o(i.app_timer_stop_all) refers to app_timer.o(i.timer_list_handler_sched) for timer_list_handler_sched
    app_timer.o(i.app_timer_stop_all) refers to app_timer.o(.data) for .data
    app_timer.o(i.compare_reg_update) refers to app_timer.o(.emb_text) for __asm___11_app_timer_c_cd27f9c3__nrf_delay_us
    app_timer.o(i.compare_reg_update) refers to app_timer.o(i.rtc1_stop) for rtc1_stop
    app_timer.o(i.compare_reg_update) refers to app_timer.o(.data) for .data
    app_timer.o(i.elapsed_ticks_acquire) refers to app_timer.o(.data) for .data
    app_timer.o(i.expired_timers_handler) refers to app_timer.o(.data) for .data
    app_timer.o(i.list_deletions_handler) refers to app_timer.o(i.timer_list_remove) for timer_list_remove
    app_timer.o(i.list_deletions_handler) refers to app_timer.o(.data) for .data
    app_timer.o(i.list_insertions_handler) refers to app_timer.o(i.timer_list_insert) for timer_list_insert
    app_timer.o(i.list_insertions_handler) refers to app_timer.o(.data) for .data
    app_timer.o(i.rtc1_stop) refers to app_timer.o(.emb_text) for __asm___11_app_timer_c_cd27f9c3__nrf_delay_us
    app_timer.o(i.rtc1_stop) refers to app_timer.o(.data) for .data
    app_timer.o(i.timer_list_insert) refers to app_timer.o(.data) for .data
    app_timer.o(i.timer_list_remove) refers to app_timer.o(.data) for .data
    app_timer.o(i.timer_timeouts_check) refers to app_error.o(i.app_error_handler) for app_error_handler
    app_timer.o(i.timer_timeouts_check) refers to app_timer.o(i.timer_list_handler_sched) for timer_list_handler_sched
    app_timer.o(i.timer_timeouts_check) refers to app_timer.o(.data) for .data
    retarget.o(i.fgetc) refers to app_uart_fifo.o(i.app_uart_get) for app_uart_get
    retarget.o(i.fputc) refers to app_uart_fifo.o(i.app_uart_put) for app_uart_put
    softdevice_handler.o(i.SWI2_IRQHandler) refers to app_error.o(i.app_error_handler) for app_error_handler
    softdevice_handler.o(i.SWI2_IRQHandler) refers to softdevice_handler.o(i.intern_softdevice_events_execute) for intern_softdevice_events_execute
    softdevice_handler.o(i.SWI2_IRQHandler) refers to softdevice_handler.o(.data) for .data
    softdevice_handler.o(i.intern_softdevice_events_execute) refers to app_error.o(i.app_error_handler) for app_error_handler
    softdevice_handler.o(i.intern_softdevice_events_execute) refers to softdevice_handler.o(.data) for .data
    softdevice_handler.o(i.softdevice_assertion_handler) refers (Weak) to main.o(i.assert_nrf_callback) for assert_nrf_callback
    softdevice_handler.o(i.softdevice_ble_evt_handler_set) refers to softdevice_handler.o(.data) for .data
    softdevice_handler.o(i.softdevice_handler_init) refers to softdevice_handler.o(.data) for .data
    softdevice_handler.o(i.softdevice_handler_init) refers to softdevice_handler.o(i.softdevice_assertion_handler) for softdevice_assertion_handler
    softdevice_handler.o(i.softdevice_handler_sd_disable) refers to softdevice_handler.o(.data) for .data
    softdevice_handler.o(i.softdevice_sys_evt_handler_set) refers to softdevice_handler.o(.data) for .data
    arm_startup_nrf51.o(RESET) refers to arm_startup_nrf51.o(STACK) for __initial_sp
    arm_startup_nrf51.o(RESET) refers to arm_startup_nrf51.o(.text) for Reset_Handler
    arm_startup_nrf51.o(RESET) refers to app_uart_fifo.o(i.UART0_IRQHandler) for UART0_IRQHandler
    arm_startup_nrf51.o(RESET) refers to spi_slave.o(i.SPI1_TWI1_IRQHandler) for SPI1_TWI1_IRQHandler
    arm_startup_nrf51.o(RESET) refers to nrf_drv_gpiote.o(i.GPIOTE_IRQHandler) for GPIOTE_IRQHandler
    arm_startup_nrf51.o(RESET) refers to app_timer.o(i.RTC1_IRQHandler) for RTC1_IRQHandler
    arm_startup_nrf51.o(RESET) refers to app_timer.o(i.SWI0_IRQHandler) for SWI0_IRQHandler
    arm_startup_nrf51.o(RESET) refers to softdevice_handler.o(i.SWI2_IRQHandler) for SWI2_IRQHandler
    arm_startup_nrf51.o(.text) refers to system_nrf51.o(i.SystemInit) for SystemInit
    arm_startup_nrf51.o(.text) refers to entry.o(.ARM.Collect$$$$00000000) for __main
    system_nrf51.o(i.SystemCoreClockUpdate) refers to system_nrf51.o(.data) for .data
    system_nrf51.o(i.SystemInit) refers to system_nrf51.o(i.is_manual_peripheral_setup_needed) for is_manual_peripheral_setup_needed
    entry.o(.ARM.Collect$$$$00000000) refers (Special) to entry10a.o(.ARM.Collect$$$$0000000D) for __rt_final_cpp
    entry.o(.ARM.Collect$$$$00000000) refers (Special) to entry11a.o(.ARM.Collect$$$$0000000F) for __rt_final_exit
    entry.o(.ARM.Collect$$$$00000000) refers (Special) to entry7b.o(.ARM.Collect$$$$00000008) for _main_clock
    entry.o(.ARM.Collect$$$$00000000) refers (Special) to entry8b.o(.ARM.Collect$$$$0000000A) for _main_cpp_init
    entry.o(.ARM.Collect$$$$00000000) refers (Special) to entry9a.o(.ARM.Collect$$$$0000000B) for _main_init
    entry.o(.ARM.Collect$$$$00000000) refers (Special) to entry5.o(.ARM.Collect$$$$00000004) for _main_scatterload
    entry.o(.ARM.Collect$$$$00000000) refers (Special) to entry2.o(.ARM.Collect$$$$00000001) for _main_stk
    idiv.o(.text) refers to uidiv.o(.text) for __aeabi_uidivmod
    entry2.o(.ARM.Collect$$$$00000001) refers to entry2.o(.ARM.Collect$$$$00002712) for __lit__00000000
    entry2.o(.ARM.Collect$$$$00002712) refers to arm_startup_nrf51.o(STACK) for __initial_sp
    entry2.o(__vectab_stack_and_reset_area) refers to arm_startup_nrf51.o(STACK) for __initial_sp
    entry2.o(__vectab_stack_and_reset_area) refers to entry.o(.ARM.Collect$$$$00000000) for __main
    entry5.o(.ARM.Collect$$$$00000004) refers to init.o(.text) for __scatterload
    entry9a.o(.ARM.Collect$$$$0000000B) refers to main.o(i.main) for main
    entry9b.o(.ARM.Collect$$$$0000000C) refers to main.o(i.main) for main
    init.o(.text) refers to entry5.o(.ARM.Collect$$$$00000004) for __main_after_scatterload


==============================================================================

Removing Unused input sections from the image.

    Removing main.o(.rev16_text), (4 bytes).
    Removing main.o(.revsh_text), (4 bytes).
    Removing main.o(i.assert_nrf_callback), (20 bytes).
    Removing main.o(i.bsp_event_handler), (92 bytes).
    Removing spi_slave_gateway.o(.rev16_text), (4 bytes).
    Removing spi_slave_gateway.o(.revsh_text), (4 bytes).
    Removing buffer.o(.rev16_text), (4 bytes).
    Removing buffer.o(.revsh_text), (4 bytes).
    Removing buffer.o(i.buffer_flush), (8 bytes).
    Removing led.o(.rev16_text), (4 bytes).
    Removing led.o(.revsh_text), (4 bytes).
    Removing led.o(i.led_get), (24 bytes).
    Removing bsp.o(.rev16_text), (4 bytes).
    Removing bsp.o(.revsh_text), (4 bytes).
    Removing bsp.o(i.alert_timer_handler), (24 bytes).
    Removing bsp.o(i.bsp_button_event_handler), (156 bytes).
    Removing bsp.o(i.bsp_button_is_pressed), (44 bytes).
    Removing bsp.o(i.bsp_buttons_disable), (8 bytes).
    Removing bsp.o(i.bsp_buttons_enable), (8 bytes).
    Removing bsp.o(i.bsp_buttons_state_get), (60 bytes).
    Removing bsp.o(i.bsp_indication_text_set), (8 bytes).
    Removing bsp.o(i.bsp_init), (160 bytes).
    Removing bsp.o(i.bsp_wakeup_buttons_set), (60 bytes).
    Removing bsp.o(i.button_timer_handler), (12 bytes).
    Removing bsp.o(i.leds_timer_handler), (24 bytes).
    Removing bsp.o(.constdata), (48 bytes).
    Removing bsp_btn_ble.o(.rev16_text), (4 bytes).
    Removing bsp_btn_ble.o(.revsh_text), (4 bytes).
    Removing bsp_btn_ble.o(i.bsp_btn_ble_init), (84 bytes).
    Removing bsp_btn_ble.o(i.bsp_btn_ble_sleep_mode_prepare), (20 bytes).
    Removing ble_advertising.o(.rev16_text), (4 bytes).
    Removing ble_advertising.o(.revsh_text), (4 bytes).
    Removing ble_advertising.o(i.ble_advertising_on_sys_evt), (48 bytes).
    Removing ble_advertising.o(i.ble_advertising_peer_addr_reply), (48 bytes).
    Removing ble_advertising.o(i.ble_advertising_restart_without_whitelist), (64 bytes).
    Removing ble_advertising.o(i.ble_advertising_whitelist_reply), (84 bytes).
    Removing ble_conn_params.o(i.ble_conn_params_change_conn_params), (80 bytes).
    Removing ble_conn_params.o(i.ble_conn_params_stop), (16 bytes).
    Removing ble_nus.o(i.ble_nus_init), (104 bytes).
    Removing ble_nus.o(i.ble_nus_on_ble_evt), (88 bytes).
    Removing ble_nus.o(i.ble_nus_string_send), (84 bytes).
    Removing ble_nus.o(i.rx_char_add), (158 bytes).
    Removing ble_nus.o(i.tx_char_add), (128 bytes).
    Removing ble_nus.o(.constdata), (16 bytes).
    Removing ble_srv_common.o(i.ble_srv_ascii_to_utf8), (18 bytes).
    Removing ble_srv_common.o(i.ble_srv_report_ref_encode), (12 bytes).
    Removing ble_srv_common.o(i.characteristic_add), (264 bytes).
    Removing ble_srv_common.o(i.set_security_req), (52 bytes).
    Removing app_uart_fifo.o(.rev16_text), (4 bytes).
    Removing app_uart_fifo.o(.revsh_text), (4 bytes).
    Removing app_uart_fifo.o(i.app_uart_close), (36 bytes).
    Removing app_uart_fifo.o(i.app_uart_flush), (28 bytes).
    Removing app_uart_fifo.o(i.app_uart_get), (16 bytes).
    Removing app_uart_fifo.o(i.app_uart_get_connection_state), (20 bytes).
    Removing app_uart_fifo.o(i.app_uart_init), (404 bytes).
    Removing app_uart_fifo.o(i.app_uart_put), (28 bytes).
    Removing app_uart_fifo.o(i.gpiote_uart_event_handler), (22 bytes).
    Removing app_uart_fifo.o(.constdata), (8 bytes).
    Removing nrf_delay.o(.rev16_text), (4 bytes).
    Removing nrf_delay.o(.revsh_text), (4 bytes).
    Removing nrf_delay.o(.emb_text), (30 bytes).
    Removing nrf_delay.o(i.nrf_delay_ms), (28 bytes).
    Removing nrf_drv_common.o(.rev16_text), (4 bytes).
    Removing nrf_drv_common.o(.revsh_text), (4 bytes).
    Removing nrf_drv_common.o(i.nrf_drv_common_irq_enable), (96 bytes).
    Removing nrf_drv_gpiote.o(.rev16_text), (4 bytes).
    Removing nrf_drv_gpiote.o(.revsh_text), (4 bytes).
    Removing nrf_drv_gpiote.o(i.channel_free), (28 bytes).
    Removing nrf_drv_gpiote.o(i.channel_port_alloc), (72 bytes).
    Removing nrf_drv_gpiote.o(i.nrf_drv_gpiote_in_event_addr_get), (24 bytes).
    Removing nrf_drv_gpiote.o(i.nrf_drv_gpiote_in_event_disable), (84 bytes).
    Removing nrf_drv_gpiote.o(i.nrf_drv_gpiote_in_event_enable), (160 bytes).
    Removing nrf_drv_gpiote.o(i.nrf_drv_gpiote_in_init), (148 bytes).
    Removing nrf_drv_gpiote.o(i.nrf_drv_gpiote_in_is_set), (20 bytes).
    Removing nrf_drv_gpiote.o(i.nrf_drv_gpiote_in_uninit), (84 bytes).
    Removing nrf_drv_gpiote.o(i.nrf_drv_gpiote_init), (84 bytes).
    Removing nrf_drv_gpiote.o(i.nrf_drv_gpiote_is_init), (16 bytes).
    Removing nrf_drv_gpiote.o(i.nrf_drv_gpiote_out_clear), (16 bytes).
    Removing nrf_drv_gpiote.o(i.nrf_drv_gpiote_out_init), (152 bytes).
    Removing nrf_drv_gpiote.o(i.nrf_drv_gpiote_out_set), (16 bytes).
    Removing nrf_drv_gpiote.o(i.nrf_drv_gpiote_out_task_addr_get), (20 bytes).
    Removing nrf_drv_gpiote.o(i.nrf_drv_gpiote_out_task_disable), (32 bytes).
    Removing nrf_drv_gpiote.o(i.nrf_drv_gpiote_out_task_enable), (48 bytes).
    Removing nrf_drv_gpiote.o(i.nrf_drv_gpiote_out_task_force), (48 bytes).
    Removing nrf_drv_gpiote.o(i.nrf_drv_gpiote_out_task_trigger), (24 bytes).
    Removing nrf_drv_gpiote.o(i.nrf_drv_gpiote_out_toggle), (28 bytes).
    Removing nrf_drv_gpiote.o(i.nrf_drv_gpiote_out_uninit), (52 bytes).
    Removing nrf_drv_gpiote.o(i.nrf_drv_gpiote_uninit), (56 bytes).
    Removing nrf_drv_gpiote.o(i.pin_in_use_by_port), (24 bytes).
    Removing nrf_drv_gpiote.o(i.pin_in_use_by_te), (24 bytes).
    Removing pstorage.o(.rev16_text), (4 bytes).
    Removing pstorage.o(.revsh_text), (4 bytes).
    Removing pstorage.o(i.app_notify), (44 bytes).
    Removing pstorage.o(i.app_notify_error_state_transit), (32 bytes).
    Removing pstorage.o(i.clear_operation_execute), (260 bytes).
    Removing pstorage.o(i.clear_post_processing_run), (36 bytes).
    Removing pstorage.o(i.cmd_process), (56 bytes).
    Removing pstorage.o(i.cmd_queue_element_init), (32 bytes).
    Removing pstorage.o(i.cmd_queue_enqueue), (76 bytes).
    Removing pstorage.o(i.command_end_procedure_run), (60 bytes).
    Removing pstorage.o(i.data_page_erase_state_run), (84 bytes).
    Removing pstorage.o(i.data_to_swap_write_state_run), (40 bytes).
    Removing pstorage.o(i.flash_api_err_code_process), (32 bytes).
    Removing pstorage.o(i.flash_operation_success_run), (128 bytes).
    Removing pstorage.o(i.flash_page_erase), (10 bytes).
    Removing pstorage.o(i.flash_write), (10 bytes).
    Removing pstorage.o(i.head_restore_state_run), (120 bytes).
    Removing pstorage.o(i.is_page_erase_required), (68 bytes).
    Removing pstorage.o(i.is_word_aligned), (12 bytes).
    Removing pstorage.o(i.main_state_err_busy_process), (24 bytes).
    Removing pstorage.o(i.pstorage_block_identifier_get), (84 bytes).
    Removing pstorage.o(i.pstorage_clear), (164 bytes).
    Removing pstorage.o(i.pstorage_flash_page_end), (36 bytes).
    Removing pstorage.o(i.pstorage_flash_page_size), (10 bytes).
    Removing pstorage.o(i.pstorage_init), (76 bytes).
    Removing pstorage.o(i.pstorage_load), (168 bytes).
    Removing pstorage.o(i.pstorage_register), (180 bytes).
    Removing pstorage.o(i.pstorage_store), (144 bytes).
    Removing pstorage.o(i.pstorage_sys_event_handler), (76 bytes).
    Removing pstorage.o(i.pstorage_update), (144 bytes).
    Removing pstorage.o(i.sm_state_change), (72 bytes).
    Removing pstorage.o(i.state_data_erase_swap_entry_run), (100 bytes).
    Removing pstorage.o(i.state_erase_data_page_entry_run), (16 bytes).
    Removing pstorage.o(i.state_restore_head_entry_run), (40 bytes).
    Removing pstorage.o(i.state_restore_tail_entry_run), (76 bytes).
    Removing pstorage.o(i.state_swap_erase_entry_run), (32 bytes).
    Removing pstorage.o(i.state_write_data_swap_entry_run), (48 bytes).
    Removing pstorage.o(i.store_cmd_flash_write_execute), (92 bytes).
    Removing pstorage.o(i.swap_erase_state_run), (28 bytes).
    Removing pstorage.o(i.swap_sub_state_err_busy_process), (24 bytes).
    Removing pstorage.o(i.swap_sub_state_state_change), (20 bytes).
    Removing pstorage.o(i.tail_restore_state_run), (28 bytes).
    Removing pstorage.o(.constdata), (40 bytes).
    Removing spi_slave.o(.rev16_text), (4 bytes).
    Removing spi_slave.o(.revsh_text), (4 bytes).
    Removing spi_slave.o(i.spi_slave_set_cs_pull_up_config), (12 bytes).
    Removing spi_slave.o(i.spi_slave_set_drive_config), (12 bytes).
    Removing app_button.o(.rev16_text), (4 bytes).
    Removing app_button.o(.revsh_text), (4 bytes).
    Removing app_button.o(i.app_button_disable), (40 bytes).
    Removing app_button.o(i.app_button_enable), (36 bytes).
    Removing app_button.o(i.app_button_init), (120 bytes).
    Removing app_button.o(i.app_button_is_pushed), (44 bytes).
    Removing app_button.o(i.detection_delay_timeout_handler), (96 bytes).
    Removing app_button.o(i.gpiote_event_handler), (76 bytes).
    Removing app_button.o(.constdata), (4 bytes).
    Removing app_button.o(.data), (24 bytes).
    Removing app_error.o(.rev16_text), (4 bytes).
    Removing app_error.o(.revsh_text), (4 bytes).
    Removing app_timer.o(.rev16_text), (4 bytes).
    Removing app_timer.o(.revsh_text), (4 bytes).
    Removing app_timer.o(i.app_timer_cnt_diff_compute), (12 bytes).
    Removing app_timer.o(i.app_timer_cnt_get), (16 bytes).
    Removing app_timer.o(i.app_timer_stop_all), (68 bytes).
    Removing retarget.o(.rev16_text), (4 bytes).
    Removing retarget.o(.revsh_text), (4 bytes).
    Removing retarget.o(i.fgetc), (18 bytes).
    Removing retarget.o(i.fputc), (14 bytes).
    Removing retarget.o(.data), (4 bytes).
    Removing retarget.o(.data), (4 bytes).
    Removing softdevice_handler.o(.rev16_text), (4 bytes).
    Removing softdevice_handler.o(.revsh_text), (4 bytes).
    Removing softdevice_handler.o(i.softdevice_handler_sd_disable), (24 bytes).
    Removing softdevice_handler.o(i.softdevice_sys_evt_handler_set), (20 bytes).
    Removing arm_startup_nrf51.o(HEAP), (2048 bytes).
    Removing system_nrf51.o(.rev16_text), (4 bytes).
    Removing system_nrf51.o(.revsh_text), (4 bytes).
    Removing system_nrf51.o(i.SystemCoreClockUpdate), (16 bytes).

168 unused section(s) (total 9782 bytes) removed from the image.

==============================================================================

Image Symbol Table

    Local Symbols

    Symbol Name                              Value     Ov Type        Size  Object(Section)

    ../clib/microlib/division.c              0x00000000   Number         0  uidiv.o ABSOLUTE
    ../clib/microlib/division.c              0x00000000   Number         0  idiv.o ABSOLUTE
    ../clib/microlib/init/entry.s            0x00000000   Number         0  entry2.o ABSOLUTE
    ../clib/microlib/init/entry.s            0x00000000   Number         0  entry10a.o ABSOLUTE
    ../clib/microlib/init/entry.s            0x00000000   Number         0  entry.o ABSOLUTE
    ../clib/microlib/init/entry.s            0x00000000   Number         0  entry9b.o ABSOLUTE
    ../clib/microlib/init/entry.s            0x00000000   Number         0  entry7a.o ABSOLUTE
    ../clib/microlib/init/entry.s            0x00000000   Number         0  entry5.o ABSOLUTE
    ../clib/microlib/init/entry.s            0x00000000   Number         0  entry7b.o ABSOLUTE
    ../clib/microlib/init/entry.s            0x00000000   Number         0  entry8a.o ABSOLUTE
    ../clib/microlib/init/entry.s            0x00000000   Number         0  entry8b.o ABSOLUTE
    ../clib/microlib/init/entry.s            0x00000000   Number         0  entry9a.o ABSOLUTE
    ../clib/microlib/init/entry.s            0x00000000   Number         0  entry11b.o ABSOLUTE
    ../clib/microlib/init/entry.s            0x00000000   Number         0  entry11a.o ABSOLUTE
    ../clib/microlib/init/entry.s            0x00000000   Number         0  entry10b.o ABSOLUTE
    ../clib/microlib/string/memcpy.c         0x00000000   Number         0  memcpyb.o ABSOLUTE
    ../clib/microlib/string/memcpy.c         0x00000000   Number         0  memcpya.o ABSOLUTE
    ../clib/microlib/string/memset.c         0x00000000   Number         0  memseta.o ABSOLUTE
    ../clib/microlib/string/strlen.c         0x00000000   Number         0  strlen.o ABSOLUTE
    ..\..\..\..\..\..\components\ble\ble_advertising\ble_advertising.c 0x00000000   Number         0  ble_advertising.o ABSOLUTE
    ..\..\..\..\..\..\components\ble\ble_services\ble_nus\ble_nus.c 0x00000000   Number         0  ble_nus.o ABSOLUTE
    ..\..\..\..\..\..\components\ble\common\ble_advdata.c 0x00000000   Number         0  ble_advdata.o ABSOLUTE
    ..\..\..\..\..\..\components\ble\common\ble_conn_params.c 0x00000000   Number         0  ble_conn_params.o ABSOLUTE
    ..\..\..\..\..\..\components\ble\common\ble_srv_common.c 0x00000000   Number         0  ble_srv_common.o ABSOLUTE
    ..\..\..\..\..\..\components\drivers_nrf\common\nrf_drv_common.c 0x00000000   Number         0  nrf_drv_common.o ABSOLUTE
    ..\..\..\..\..\..\components\drivers_nrf\gpiote\nrf_drv_gpiote.c 0x00000000   Number         0  nrf_drv_gpiote.o ABSOLUTE
    ..\..\..\..\..\..\components\drivers_nrf\hal\nrf_delay.c 0x00000000   Number         0  nrf_delay.o ABSOLUTE
    ..\..\..\..\..\..\components\drivers_nrf\pstorage\pstorage.c 0x00000000   Number         0  pstorage.o ABSOLUTE
    ..\..\..\..\..\..\components\drivers_nrf\spi_slave\spi_slave.c 0x00000000   Number         0  spi_slave.o ABSOLUTE
    ..\..\..\..\..\..\components\drivers_nrf\uart\app_uart_fifo.c 0x00000000   Number         0  app_uart_fifo.o ABSOLUTE
    ..\..\..\..\..\..\components\libraries\button\app_button.c 0x00000000   Number         0  app_button.o ABSOLUTE
    ..\..\..\..\..\..\components\libraries\fifo\app_fifo.c 0x00000000   Number         0  app_fifo.o ABSOLUTE
    ..\..\..\..\..\..\components\libraries\timer\app_timer.c 0x00000000   Number         0  app_timer.o ABSOLUTE
    ..\..\..\..\..\..\components\libraries\trace\app_trace.c 0x00000000   Number         0  app_trace.o ABSOLUTE
    ..\..\..\..\..\..\components\libraries\uart\retarget.c 0x00000000   Number         0  retarget.o ABSOLUTE
    ..\..\..\..\..\..\components\libraries\util\app_error.c 0x00000000   Number         0  app_error.o ABSOLUTE
    ..\..\..\..\..\..\components\libraries\util\nrf_assert.c 0x00000000   Number         0  nrf_assert.o ABSOLUTE
    ..\..\..\..\..\..\components\softdevice\common\softdevice_handler\softdevice_handler.c 0x00000000   Number         0  softdevice_handler.o ABSOLUTE
    ..\..\..\..\..\bsp\bsp.c                 0x00000000   Number         0  bsp.o ABSOLUTE
    ..\..\..\..\..\bsp\bsp_btn_ble.c         0x00000000   Number         0  bsp_btn_ble.o ABSOLUTE
    ..\..\..\ble_gateway.c                   0x00000000   Number         0  ble_gateway.o ABSOLUTE
    ..\..\..\buffer.c                        0x00000000   Number         0  buffer.o ABSOLUTE
    ..\..\..\led.c                           0x00000000   Number         0  led.o ABSOLUTE
    ..\..\..\main.c                          0x00000000   Number         0  main.o ABSOLUTE
    ..\..\..\spi_slave_gateway.c             0x00000000   Number         0  spi_slave_gateway.o ABSOLUTE
    ..\\..\\..\\..\\..\\..\\components\\ble\\ble_advertising\\ble_advertising.c 0x00000000   Number         0  ble_advertising.o ABSOLUTE
    ..\\..\\..\\..\\..\\..\\components\\drivers_nrf\\common\\nrf_drv_common.c 0x00000000   Number         0  nrf_drv_common.o ABSOLUTE
    ..\\..\\..\\..\\..\\..\\components\\drivers_nrf\\gpiote\\nrf_drv_gpiote.c 0x00000000   Number         0  nrf_drv_gpiote.o ABSOLUTE
    ..\\..\\..\\..\\..\\..\\components\\drivers_nrf\\hal\\nrf_delay.c 0x00000000   Number         0  nrf_delay.o ABSOLUTE
    ..\\..\\..\\..\\..\\..\\components\\drivers_nrf\\pstorage\\pstorage.c 0x00000000   Number         0  pstorage.o ABSOLUTE
    ..\\..\\..\\..\\..\\..\\components\\drivers_nrf\\spi_slave\\spi_slave.c 0x00000000   Number         0  spi_slave.o ABSOLUTE
    ..\\..\\..\\..\\..\\..\\components\\drivers_nrf\\uart\\app_uart_fifo.c 0x00000000   Number         0  app_uart_fifo.o ABSOLUTE
    ..\\..\\..\\..\\..\\..\\components\\libraries\\button\\app_button.c 0x00000000   Number         0  app_button.o ABSOLUTE
    ..\\..\\..\\..\\..\\..\\components\\libraries\\timer\\app_timer.c 0x00000000   Number         0  app_timer.o ABSOLUTE
    ..\\..\\..\\..\\..\\..\\components\\libraries\\uart\\retarget.c 0x00000000   Number         0  retarget.o ABSOLUTE
    ..\\..\\..\\..\\..\\..\\components\\libraries\\util\\app_error.c 0x00000000   Number         0  app_error.o ABSOLUTE
    ..\\..\\..\\..\\..\\..\\components\\softdevice\\common\\softdevice_handler\\softdevice_handler.c 0x00000000   Number         0  softdevice_handler.o ABSOLUTE
    ..\\..\\..\\..\\..\\bsp\\bsp.c           0x00000000   Number         0  bsp.o ABSOLUTE
    ..\\..\\..\\..\\..\\bsp\\bsp_btn_ble.c   0x00000000   Number         0  bsp_btn_ble.o ABSOLUTE
    ..\\..\\..\\buffer.c                     0x00000000   Number         0  buffer.o ABSOLUTE
    ..\\..\\..\\led.c                        0x00000000   Number         0  led.o ABSOLUTE
    ..\\..\\..\\main.c                       0x00000000   Number         0  main.o ABSOLUTE
    ..\\..\\..\\spi_slave_gateway.c          0x00000000   Number         0  spi_slave_gateway.o ABSOLUTE
    RTE\Device\nRF51422_xxAC\arm_startup_nrf51.s 0x00000000   Number         0  arm_startup_nrf51.o ABSOLUTE
    RTE\Device\nRF51422_xxAC\system_nrf51.c  0x00000000   Number         0  system_nrf51.o ABSOLUTE
    RTE\\Device\\nRF51422_xxAC\\system_nrf51.c 0x00000000   Number         0  system_nrf51.o ABSOLUTE
    dc.s                                     0x00000000   Number         0  dc.o ABSOLUTE
    handlers.s                               0x00000000   Number         0  handlers.o ABSOLUTE
    init.s                                   0x00000000   Number         0  init.o ABSOLUTE
    RESET                                    0x00018000   Section      192  arm_startup_nrf51.o(RESET)
    .ARM.Collect$$$$00000000                 0x000180c0   Section        0  entry.o(.ARM.Collect$$$$00000000)
    .ARM.Collect$$$$00000001                 0x000180c0   Section        4  entry2.o(.ARM.Collect$$$$00000001)
    .ARM.Collect$$$$00000004                 0x000180c4   Section        4  entry5.o(.ARM.Collect$$$$00000004)
    .ARM.Collect$$$$00000008                 0x000180c8   Section        0  entry7b.o(.ARM.Collect$$$$00000008)
    .ARM.Collect$$$$0000000A                 0x000180c8   Section        0  entry8b.o(.ARM.Collect$$$$0000000A)
    .ARM.Collect$$$$0000000B                 0x000180c8   Section        8  entry9a.o(.ARM.Collect$$$$0000000B)
    .ARM.Collect$$$$0000000D                 0x000180d0   Section        0  entry10a.o(.ARM.Collect$$$$0000000D)
    .ARM.Collect$$$$0000000F                 0x000180d0   Section        0  entry11a.o(.ARM.Collect$$$$0000000F)
    .ARM.Collect$$$$00002712                 0x000180d0   Section        4  entry2.o(.ARM.Collect$$$$00002712)
    __lit__00000000                          0x000180d0   Data           4  entry2.o(.ARM.Collect$$$$00002712)
    .emb_text                                0x000180d4   Section       30  app_timer.o(.emb_text)
    .text                                    0x000180f4   Section       56  arm_startup_nrf51.o(.text)
    .text                                    0x0001812c   Section        0  uidiv.o(.text)
    .text                                    0x00018158   Section        0  memcpya.o(.text)
    .text                                    0x0001817c   Section        0  memseta.o(.text)
    .text                                    0x000181a0   Section       36  init.o(.text)
    i.GPIOTE_IRQHandler                      0x000181c4   Section        0  nrf_drv_gpiote.o(i.GPIOTE_IRQHandler)
    i.NVIC_SetPriority                       0x000182cc   Section        0  app_timer.o(i.NVIC_SetPriority)
    NVIC_SetPriority                         0x000182cd   Thumb Code    60  app_timer.o(i.NVIC_SetPriority)
    i.RTC1_IRQHandler                        0x00018310   Section        0  app_timer.o(i.RTC1_IRQHandler)
    i.SPI1_TWI1_IRQHandler                   0x00018330   Section        0  spi_slave.o(i.SPI1_TWI1_IRQHandler)
    i.SWI0_IRQHandler                        0x00018390   Section        0  app_timer.o(i.SWI0_IRQHandler)
    i.SWI2_IRQHandler                        0x000183e4   Section        0  softdevice_handler.o(i.SWI2_IRQHandler)
    i.SystemInit                             0x00018408   Section        0  system_nrf51.o(i.SystemInit)
    i.UART0_IRQHandler                       0x0001845c   Section        0  app_uart_fifo.o(i.UART0_IRQHandler)
    i.__ARM_common_switch8                   0x000184dc   Section        0  bsp.o(i.__ARM_common_switch8)
    i.__scatterload_copy                     0x000184f6   Section       14  handlers.o(i.__scatterload_copy)
    i.__scatterload_null                     0x00018504   Section        2  handlers.o(i.__scatterload_null)
    i.__scatterload_zeroinit                 0x00018506   Section       14  handlers.o(i.__scatterload_zeroinit)
    i.action_tx_send                         0x00018514   Section        0  app_uart_fifo.o(i.action_tx_send)
    action_tx_send                           0x00018515   Thumb Code    56  app_uart_fifo.o(i.action_tx_send)
    i.action_tx_stop                         0x00018560   Section        0  app_uart_fifo.o(i.action_tx_stop)
    i.action_uart_deactivate                 0x00018584   Section        0  app_uart_fifo.o(i.action_uart_deactivate)
    action_uart_deactivate                   0x00018585   Thumb Code    20  app_uart_fifo.o(i.action_uart_deactivate)
    i.adv_data_encode                        0x000185a4   Section        0  ble_advdata.o(i.adv_data_encode)
    adv_data_encode                          0x000185a5   Thumb Code   330  ble_advdata.o(i.adv_data_encode)
    i.advertising_buttons_configure          0x000186ee   Section        0  bsp_btn_ble.o(i.advertising_buttons_configure)
    advertising_buttons_configure            0x000186ef   Thumb Code    60  bsp_btn_ble.o(i.advertising_buttons_configure)
    i.advertising_init                       0x0001872c   Section        0  main.o(i.advertising_init)
    advertising_init                         0x0001872d   Thumb Code    92  main.o(i.advertising_init)
    i.app_error_handler                      0x00018790   Section        0  app_error.o(i.app_error_handler)
    i.app_fifo_flush                         0x000187a8   Section        0  app_fifo.o(i.app_fifo_flush)
    i.app_fifo_get                           0x000187b0   Section        0  app_fifo.o(i.app_fifo_get)
    i.app_fifo_init                          0x000187d2   Section        0  app_fifo.o(i.app_fifo_init)
    i.app_fifo_put                           0x000187f6   Section        0  app_fifo.o(i.app_fifo_put)
    i.app_timer_create                       0x00018818   Section        0  app_timer.o(i.app_timer_create)
    i.app_timer_init                         0x00018864   Section        0  app_timer.o(i.app_timer_init)
    i.app_timer_start                        0x00018918   Section        0  app_timer.o(i.app_timer_start)
    i.app_timer_stop                         0x0001899c   Section        0  app_timer.o(i.app_timer_stop)
    i.ble_advdata_set                        0x000189f4   Section        0  ble_advdata.o(i.ble_advdata_set)
    i.ble_advertising_init                   0x00018a50   Section        0  ble_advertising.o(i.ble_advertising_init)
    i.ble_advertising_on_ble_evt             0x00018b74   Section        0  ble_advertising.o(i.ble_advertising_on_ble_evt)
    i.ble_advertising_peer_address_clear     0x00018be8   Section        0  ble_advertising.o(i.ble_advertising_peer_address_clear)
    ble_advertising_peer_address_clear       0x00018be9   Thumb Code    12  ble_advertising.o(i.ble_advertising_peer_address_clear)
    i.ble_advertising_start                  0x00018bf8   Section        0  ble_advertising.o(i.ble_advertising_start)
    i.ble_conn_params_init                   0x00018dd8   Section        0  ble_conn_params.o(i.ble_conn_params_init)
    i.ble_conn_params_on_ble_evt             0x00018e2c   Section        0  ble_conn_params.o(i.ble_conn_params_on_ble_evt)
    i.ble_evt_dispatch                       0x00018ebc   Section        0  main.o(i.ble_evt_dispatch)
    ble_evt_dispatch                         0x00018ebd   Thumb Code    36  main.o(i.ble_evt_dispatch)
    i.ble_gateway_init                       0x00018ee4   Section        0  ble_gateway.o(i.ble_gateway_init)
    i.ble_gateway_on_ble_evt                 0x00018f3c   Section        0  ble_gateway.o(i.ble_gateway_on_ble_evt)
    i.bsp_btn_ble_on_ble_evt                 0x00018f84   Section        0  bsp_btn_ble.o(i.bsp_btn_ble_on_ble_evt)
    i.bsp_event_to_button_action_assign      0x00018ffc   Section        0  bsp.o(i.bsp_event_to_button_action_assign)
    i.bsp_indication_set                     0x00019044   Section        0  bsp.o(i.bsp_indication_set)
    i.bsp_led_indication                     0x00019060   Section        0  bsp.o(i.bsp_led_indication)
    bsp_led_indication                       0x00019061   Thumb Code   482  bsp.o(i.bsp_led_indication)
    i.buffer_get                             0x00019250   Section        0  buffer.o(i.buffer_get)
    i.buffer_init                            0x00019294   Section        0  buffer.o(i.buffer_init)
    i.buffer_put                             0x000192b8   Section        0  buffer.o(i.buffer_put)
    i.channel_port_get                       0x000192e4   Section        0  nrf_drv_gpiote.o(i.channel_port_get)
    channel_port_get                         0x000192e5   Thumb Code    10  nrf_drv_gpiote.o(i.channel_port_get)
    i.compare_reg_update                     0x000192f4   Section        0  app_timer.o(i.compare_reg_update)
    compare_reg_update                       0x000192f5   Thumb Code   140  app_timer.o(i.compare_reg_update)
    i.conn_id_char_add                       0x00019398   Section        0  ble_gateway.o(i.conn_id_char_add)
    conn_id_char_add                         0x00019399   Thumb Code   128  ble_gateway.o(i.conn_id_char_add)
    i.conn_int_encode                        0x00019418   Section        0  ble_advdata.o(i.conn_int_encode)
    conn_int_encode                          0x00019419   Thumb Code   126  ble_advdata.o(i.conn_int_encode)
    i.conn_params_error_handler              0x0001949c   Section        0  main.o(i.conn_params_error_handler)
    conn_params_error_handler                0x0001949d   Thumb Code    12  main.o(i.conn_params_error_handler)
    i.conn_params_negotiation                0x000194a8   Section        0  ble_conn_params.o(i.conn_params_negotiation)
    conn_params_negotiation                  0x000194a9   Thumb Code    90  ble_conn_params.o(i.conn_params_negotiation)
    i.elapsed_ticks_acquire                  0x0001950c   Section        0  app_timer.o(i.elapsed_ticks_acquire)
    elapsed_ticks_acquire                    0x0001950d   Thumb Code    58  app_timer.o(i.elapsed_ticks_acquire)
    i.expired_timers_handler                 0x0001954c   Section        0  app_timer.o(i.expired_timers_handler)
    expired_timers_handler                   0x0001954d   Thumb Code    82  app_timer.o(i.expired_timers_handler)
    i.gateway_data_handler                   0x000195a4   Section        0  main.o(i.gateway_data_handler)
    gateway_data_handler                     0x000195a5   Thumb Code    38  main.o(i.gateway_data_handler)
    i.get_data                               0x000195d0   Section        0  main.o(i.get_data)
    get_data                                 0x000195d1   Thumb Code    94  main.o(i.get_data)
    i.intern_softdevice_events_execute       0x00019634   Section        0  softdevice_handler.o(i.intern_softdevice_events_execute)
    i.is_conn_params_ok                      0x000196b4   Section        0  ble_conn_params.o(i.is_conn_params_ok)
    is_conn_params_ok                        0x000196b5   Thumb Code    24  ble_conn_params.o(i.is_conn_params_ok)
    i.is_manual_peripheral_setup_needed      0x000196d0   Section        0  system_nrf51.o(i.is_manual_peripheral_setup_needed)
    is_manual_peripheral_setup_needed        0x000196d1   Thumb Code    66  system_nrf51.o(i.is_manual_peripheral_setup_needed)
    i.led_init                               0x00019718   Section        0  led.o(i.led_init)
    i.led_set                                0x00019728   Section        0  led.o(i.led_set)
    i.list_deletions_handler                 0x00019740   Section        0  app_timer.o(i.list_deletions_handler)
    list_deletions_handler                   0x00019741   Thumb Code   144  app_timer.o(i.list_deletions_handler)
    i.list_insertions_handler                0x000197d4   Section        0  app_timer.o(i.list_insertions_handler)
    list_insertions_handler                  0x000197d5   Thumb Code   230  app_timer.o(i.list_insertions_handler)
    i.main                                   0x000198c4   Section        0  main.o(i.main)
    i.manuf_specific_data_encode             0x00019a1c   Section        0  ble_advdata.o(i.manuf_specific_data_encode)
    manuf_specific_data_encode               0x00019a1d   Thumb Code   100  ble_advdata.o(i.manuf_specific_data_encode)
    i.name_encode                            0x00019a80   Section        0  ble_advdata.o(i.name_encode)
    name_encode                              0x00019a81   Thumb Code   106  ble_advdata.o(i.name_encode)
    i.nrf_gpio_cfg_sense_set                 0x00019aec   Section        0  nrf_drv_gpiote.o(i.nrf_gpio_cfg_sense_set)
    nrf_gpio_cfg_sense_set                   0x00019aed   Thumb Code    26  nrf_drv_gpiote.o(i.nrf_gpio_cfg_sense_set)
    i.nrf_gpiote_event_is_set                0x00019b0c   Section        0  nrf_drv_gpiote.o(i.nrf_gpiote_event_is_set)
    nrf_gpiote_event_is_set                  0x00019b0d   Thumb Code    14  nrf_drv_gpiote.o(i.nrf_gpiote_event_is_set)
    i.on_adv_evt                             0x00019b20   Section        0  main.o(i.on_adv_evt)
    on_adv_evt                               0x00019b21   Thumb Code    30  main.o(i.on_adv_evt)
    i.on_ble_evt                             0x00019b40   Section        0  main.o(i.on_ble_evt)
    on_ble_evt                               0x00019b41   Thumb Code   108  main.o(i.on_ble_evt)
    i.on_conn_params_evt                     0x00019bb0   Section        0  main.o(i.on_conn_params_evt)
    on_conn_params_evt                       0x00019bb1   Thumb Code    30  main.o(i.on_conn_params_evt)
    i.on_uart_event                          0x00019bd4   Section        0  app_uart_fifo.o(i.on_uart_event)
    on_uart_event                            0x00019bd5   Thumb Code   118  app_uart_fifo.o(i.on_uart_event)
    i.peer_address_exists                    0x00019c5c   Section        0  ble_advertising.o(i.peer_address_exists)
    peer_address_exists                      0x00019c5d   Thumb Code    22  ble_advertising.o(i.peer_address_exists)
    i.pstorage_access_status_get             0x00019c74   Section        0  pstorage.o(i.pstorage_access_status_get)
    i.rtc1_stop                              0x00019c9c   Section        0  app_timer.o(i.rtc1_stop)
    rtc1_stop                                0x00019c9d   Thumb Code    50  app_timer.o(i.rtc1_stop)
    i.service_data_encode                    0x00019ce0   Section        0  ble_advdata.o(i.service_data_encode)
    service_data_encode                      0x00019ce1   Thumb Code   124  ble_advdata.o(i.service_data_encode)
    i.sm_state_change                        0x00019d5c   Section        0  spi_slave.o(i.sm_state_change)
    sm_state_change                          0x00019d5d   Thumb Code    12  spi_slave.o(i.sm_state_change)
    i.softdevice_assertion_handler           0x00019d6c   Section        0  softdevice_handler.o(i.softdevice_assertion_handler)
    i.softdevice_ble_evt_handler_set         0x00019d78   Section        0  softdevice_handler.o(i.softdevice_ble_evt_handler_set)
    i.softdevice_handler_init                0x00019d8c   Section        0  softdevice_handler.o(i.softdevice_handler_init)
    i.spi_slave_buffers_set                  0x00019dbc   Section        0  spi_slave.o(i.spi_slave_buffers_set)
    i.spi_slave_event_handle                 0x00019e00   Section        0  spi_slave_gateway.o(i.spi_slave_event_handle)
    spi_slave_event_handle                   0x00019e01   Thumb Code    56  spi_slave_gateway.o(i.spi_slave_event_handle)
    i.spi_slave_evt_handler_register         0x00019e3c   Section        0  spi_slave.o(i.spi_slave_evt_handler_register)
    i.spi_slave_gateway_init                 0x00019e50   Section        0  spi_slave_gateway.o(i.spi_slave_gateway_init)
    i.spi_slave_init                         0x00019ebc   Section        0  spi_slave.o(i.spi_slave_init)
    i.state_entry_action_execute             0x00019fa4   Section        0  spi_slave.o(i.state_entry_action_execute)
    state_entry_action_execute               0x00019fa5   Thumb Code    84  spi_slave.o(i.state_entry_action_execute)
    i.timer_list_handler_sched               0x0001a004   Section        0  app_timer.o(i.timer_list_handler_sched)
    timer_list_handler_sched                 0x0001a005   Thumb Code    10  app_timer.o(i.timer_list_handler_sched)
    i.timer_list_insert                      0x0001a014   Section        0  app_timer.o(i.timer_list_insert)
    timer_list_insert                        0x0001a015   Thumb Code    94  app_timer.o(i.timer_list_insert)
    i.timer_list_remove                      0x0001a078   Section        0  app_timer.o(i.timer_list_remove)
    timer_list_remove                        0x0001a079   Thumb Code   104  app_timer.o(i.timer_list_remove)
    i.timer_timeouts_check                   0x0001a0e8   Section        0  app_timer.o(i.timer_timeouts_check)
    timer_timeouts_check                     0x0001a0e9   Thumb Code   120  app_timer.o(i.timer_timeouts_check)
    i.uint16_encode                          0x0001a168   Section        0  ble_advdata.o(i.uint16_encode)
    uint16_encode                            0x0001a169   Thumb Code    10  ble_advdata.o(i.uint16_encode)
    i.update_timeout_handler                 0x0001a174   Section        0  ble_conn_params.o(i.update_timeout_handler)
    update_timeout_handler                   0x0001a175   Thumb Code    86  ble_conn_params.o(i.update_timeout_handler)
    i.user_id_get                            0x0001a1d8   Section        0  app_timer.o(i.user_id_get)
    user_id_get                              0x0001a1d9   Thumb Code    74  app_timer.o(i.user_id_get)
    i.user_op_alloc                          0x0001a22c   Section        0  app_timer.o(i.user_op_alloc)
    user_op_alloc                            0x0001a22d   Thumb Code    36  app_timer.o(i.user_op_alloc)
    i.uuid_list_encode                       0x0001a250   Section        0  ble_advdata.o(i.uuid_list_encode)
    uuid_list_encode                         0x0001a251   Thumb Code    38  ble_advdata.o(i.uuid_list_encode)
    i.uuid_list_sized_encode                 0x0001a276   Section        0  ble_advdata.o(i.uuid_list_sized_encode)
    uuid_list_sized_encode                   0x0001a277   Thumb Code   162  ble_advdata.o(i.uuid_list_sized_encode)
    i.whitelist_has_entries                  0x0001a318   Section        0  ble_advertising.o(i.whitelist_has_entries)
    whitelist_has_entries                    0x0001a319   Thumb Code    16  ble_advertising.o(i.whitelist_has_entries)
    .constdata                               0x0001a328   Section       16  ble_gateway.o(.constdata)
    .data                                    0x20002000   Section       40  main.o(.data)
    xfer_com                                 0x20002000   Data           1  main.o(.data)
    m_conn_handle                            0x20002002   Data           2  main.o(.data)
    m_adv_uuids                              0x20002004   Data           4  main.o(.data)
    dummyData                                0x20002008   Data           4  main.o(.data)
    spi_tx                                   0x2000200c   Data           6  main.o(.data)
    spi_rx                                   0x20002012   Data           6  main.o(.data)
    .data                                    0x20002028   Section        4  spi_slave_gateway.o(.data)
    slave_get_data                           0x20002028   Data           4  spi_slave_gateway.o(.data)
    .data                                    0x2000202c   Section       32  bsp.o(.data)
    m_stable_state                           0x2000202c   Data           1  bsp.o(.data)
    current_long_push_pin_no                 0x2000202d   Data           1  bsp.o(.data)
    m_app_ticks_per_100ms                    0x20002030   Data           4  bsp.o(.data)
    m_indication_type                        0x20002034   Data           4  bsp.o(.data)
    m_registered_callback                    0x20002038   Data           4  bsp.o(.data)
    release_event_at_push                    0x2000203c   Data           4  bsp.o(.data)
    m_leds_timer_id                          0x20002040   Data           4  bsp.o(.data)
    m_alert_timer_id                         0x20002044   Data           4  bsp.o(.data)
    m_button_timer_id                        0x20002048   Data           4  bsp.o(.data)
    .data                                    0x2000204c   Section        8  bsp_btn_ble.o(.data)
    m_error_handler                          0x2000204c   Data           4  bsp_btn_ble.o(.data)
    m_num_connections                        0x20002050   Data           4  bsp_btn_ble.o(.data)
    .data                                    0x20002054   Section       31  ble_advertising.o(.data)
    m_advertising_start_pending              0x20002054   Data           1  ble_advertising.o(.data)
    m_whitelist_temporarily_disabled         0x20002055   Data           1  ble_advertising.o(.data)
    m_whitelist_reply_expected               0x20002056   Data           1  ble_advertising.o(.data)
    m_peer_addr_reply_expected               0x20002057   Data           1  ble_advertising.o(.data)
    m_adv_evt                                0x20002058   Data           1  ble_advertising.o(.data)
    m_adv_mode_current                       0x20002059   Data           1  ble_advertising.o(.data)
    m_tx_power_level                         0x2000205a   Data           1  ble_advertising.o(.data)
    current_slave_link_conn_handle           0x2000205c   Data           2  ble_advertising.o(.data)
    m_evt_handler                            0x20002060   Data           4  ble_advertising.o(.data)
    m_error_handler                          0x20002064   Data           4  ble_advertising.o(.data)
    m_slave_conn_int                         0x20002068   Data           4  ble_advertising.o(.data)
    m_peer_address                           0x2000206c   Data           7  ble_advertising.o(.data)
    .data                                    0x20002074   Section       24  ble_conn_params.o(.data)
    m_change_param                           0x20002074   Data           1  ble_conn_params.o(.data)
    m_update_count                           0x20002075   Data           1  ble_conn_params.o(.data)
    m_conn_handle                            0x20002076   Data           2  ble_conn_params.o(.data)
    m_conn_params_timer_id                   0x20002078   Data           4  ble_conn_params.o(.data)
    m_preferred_conn_params                  0x2000207c   Data           8  ble_conn_params.o(.data)
    m_current_conn_params                    0x20002084   Data           8  ble_conn_params.o(.data)
    .data                                    0x2000208c   Section        8  app_uart_fifo.o(.data)
    m_instance_counter                       0x2000208c   Data           1  app_uart_fifo.o(.data)
    m_current_state                          0x2000208d   Data           1  app_uart_fifo.o(.data)
    m_event_handler                          0x20002090   Data           4  app_uart_fifo.o(.data)
    .data                                    0x20002094   Section       36  pstorage.o(.data)
    m_state                                  0x20002094   Data           1  pstorage.o(.data)
    m_swap_sub_state                         0x20002095   Data           1  pstorage.o(.data)
    m_next_app_instance                      0x20002096   Data           2  pstorage.o(.data)
    m_flags                                  0x20002098   Data           4  pstorage.o(.data)
    m_next_page_addr                         0x2000209c   Data           4  pstorage.o(.data)
    m_head_word_size                         0x200020a0   Data           4  pstorage.o(.data)
    m_tail_word_size                         0x200020a4   Data           4  pstorage.o(.data)
    m_current_page_id                        0x200020a8   Data           4  pstorage.o(.data)
    m_num_of_command_retries                 0x200020ac   Data           4  pstorage.o(.data)
    m_num_of_bytes_written                   0x200020b0   Data           4  pstorage.o(.data)
    m_app_data_size                          0x200020b4   Data           4  pstorage.o(.data)
    .data                                    0x200020b8   Section       32  spi_slave.o(.data)
    m_spi_state                              0x200020b8   Data           1  spi_slave.o(.data)
    m_cs_pullup_config                       0x200020bc   Data           4  spi_slave.o(.data)
    m_drive_config                           0x200020c0   Data           4  spi_slave.o(.data)
    mp_spi_tx_buf                            0x200020c4   Data           4  spi_slave.o(.data)
    mp_spi_rx_buf                            0x200020c8   Data           4  spi_slave.o(.data)
    m_spi_tx_buf_size                        0x200020cc   Data           4  spi_slave.o(.data)
    m_spi_rx_buf_size                        0x200020d0   Data           4  spi_slave.o(.data)
    m_event_callback                         0x200020d4   Data           4  spi_slave.o(.data)
    .data                                    0x200020d8   Section       36  app_timer.o(.data)
    m_node_array_size                        0x200020d8   Data           1  app_timer.o(.data)
    m_user_array_size                        0x200020d9   Data           1  app_timer.o(.data)
    m_ticks_elapsed_q_read_ind               0x200020da   Data           1  app_timer.o(.data)
    m_ticks_elapsed_q_write_ind              0x200020db   Data           1  app_timer.o(.data)
    m_rtc1_running                           0x200020dc   Data           1  app_timer.o(.data)
    m_rtc1_reset                             0x200020dd   Data           1  app_timer.o(.data)
    mp_nodes                                 0x200020e0   Data           4  app_timer.o(.data)
    mp_users                                 0x200020e4   Data           4  app_timer.o(.data)
    m_timer_id_head                          0x200020e8   Data           4  app_timer.o(.data)
    m_ticks_latest                           0x200020ec   Data           4  app_timer.o(.data)
    m_evt_schedule_func                      0x200020f0   Data           4  app_timer.o(.data)
    m_ticks_elapsed                          0x200020f4   Data           8  app_timer.o(.data)
    .data                                    0x200020fc   Section       20  softdevice_handler.o(.data)
    m_softdevice_enabled                     0x200020fc   Data           1  softdevice_handler.o(.data)
    m_ble_evt_buffer_size                    0x200020fe   Data           2  softdevice_handler.o(.data)
    m_evt_schedule_func                      0x20002100   Data           4  softdevice_handler.o(.data)
    mp_ble_evt_buffer                        0x20002104   Data           4  softdevice_handler.o(.data)
    m_ble_evt_handler                        0x20002108   Data           4  softdevice_handler.o(.data)
    m_sys_evt_handler                        0x2000210c   Data           4  softdevice_handler.o(.data)
    .data                                    0x20002110   Section        4  system_nrf51.o(.data)
    __tagsym$$used                           0x20002110   Number         0  system_nrf51.o(.data)
    .bss                                     0x20002114   Section      748  main.o(.bss)
    BLE_EVT_BUFFER                           0x20002114   Data          72  main.o(.bss)
    APP_TIMER_BUF                            0x2000215c   Data         656  main.o(.bss)
    m_gateway                                0x200023ec   Data          20  main.o(.bss)
    .bss                                     0x20002400   Section      256  main.o(.bss)
    .bss                                     0x20002500   Section       12  bsp.o(.bss)
    m_events_list                            0x20002500   Data          12  bsp.o(.bss)
    .bss                                     0x2000250c   Section      251  ble_advertising.o(.bss)
    m_advdata                                0x2000250c   Data          48  ble_advertising.o(.bss)
    m_adv_modes_config                       0x2000253c   Data          36  ble_advertising.o(.bss)
    m_whitelist                              0x20002560   Data          16  ble_advertising.o(.bss)
    mp_whitelist_addr                        0x20002570   Data          32  ble_advertising.o(.bss)
    mp_whitelist_irk                         0x20002590   Data          32  ble_advertising.o(.bss)
    m_manuf_specific_data                    0x200025b0   Data          12  ble_advertising.o(.bss)
    m_manuf_data_array                       0x200025bc   Data          31  ble_advertising.o(.bss)
    m_service_data                           0x200025dc   Data          12  ble_advertising.o(.bss)
    m_service_data_array                     0x200025e8   Data          31  ble_advertising.o(.bss)
    .bss                                     0x20002608   Section       28  ble_conn_params.o(.bss)
    m_conn_params_config                     0x20002608   Data          28  ble_conn_params.o(.bss)
    .bss                                     0x20002624   Section       32  app_uart_fifo.o(.bss)
    m_rx_fifo                                0x20002624   Data          16  app_uart_fifo.o(.bss)
    m_tx_fifo                                0x20002634   Data          16  app_uart_fifo.o(.bss)
    .bss                                     0x20002644   Section       80  nrf_drv_gpiote.o(.bss)
    m_cb                                     0x20002644   Data          80  nrf_drv_gpiote.o(.bss)
    .bss                                     0x20002694   Section      216  pstorage.o(.bss)
    m_cmd_queue                              0x20002694   Data         204  pstorage.o(.bss)
    m_app_table                              0x20002760   Data          12  pstorage.o(.bss)
    STACK                                    0x20002770   Section     2048  arm_startup_nrf51.o(STACK)

    Global Symbols

    Symbol Name                              Value     Ov Type        Size  Object(Section)

    BuildAttributes$$THM_ISAv3M$S$PE$A:L22$X:L11$S22$IEEE1$IW$USESV6$~STKCKD$USESV7$~SHL$OSPACE$EBA8$MICROLIB$REQ8$PRES8$EABIv2 0x00000000   Number         0  anon$$obj.o ABSOLUTE
    __ARM_use_no_argv                        0x00000000   Number         0  main.o ABSOLUTE
    __cpp_initialize__aeabi_                  - Undefined Weak Reference
    __cxa_finalize                            - Undefined Weak Reference
    __decompress                              - Undefined Weak Reference
    _clock_init                               - Undefined Weak Reference
    _microlib_exit                            - Undefined Weak Reference
    __Vectors_Size                           0x000000c0   Number         0  arm_startup_nrf51.o ABSOLUTE
    __Vectors                                0x00018000   Data           4  arm_startup_nrf51.o(RESET)
    __Vectors_End                            0x000180c0   Data           0  arm_startup_nrf51.o(RESET)
    __main                                   0x000180c1   Thumb Code     0  entry.o(.ARM.Collect$$$$00000000)
    _main_stk                                0x000180c1   Thumb Code     0  entry2.o(.ARM.Collect$$$$00000001)
    _main_scatterload                        0x000180c5   Thumb Code     0  entry5.o(.ARM.Collect$$$$00000004)
    __main_after_scatterload                 0x000180c9   Thumb Code     0  entry5.o(.ARM.Collect$$$$00000004)
    _main_clock                              0x000180c9   Thumb Code     0  entry7b.o(.ARM.Collect$$$$00000008)
    _main_cpp_init                           0x000180c9   Thumb Code     0  entry8b.o(.ARM.Collect$$$$0000000A)
    _main_init                               0x000180c9   Thumb Code     0  entry9a.o(.ARM.Collect$$$$0000000B)
    __rt_final_cpp                           0x000180d1   Thumb Code     0  entry10a.o(.ARM.Collect$$$$0000000D)
    __rt_final_exit                          0x000180d1   Thumb Code     0  entry11a.o(.ARM.Collect$$$$0000000F)
    __asm___11_app_timer_c_cd27f9c3__nrf_delay_us 0x000180d5   Thumb Code    30  app_timer.o(.emb_text)
    Reset_Handler                            0x000180f5   Thumb Code    26  arm_startup_nrf51.o(.text)
    NMI_Handler                              0x0001810f   Thumb Code     2  arm_startup_nrf51.o(.text)
    HardFault_Handler                        0x00018111   Thumb Code     2  arm_startup_nrf51.o(.text)
    SVC_Handler                              0x00018113   Thumb Code     2  arm_startup_nrf51.o(.text)
    PendSV_Handler                           0x00018115   Thumb Code     2  arm_startup_nrf51.o(.text)
    SysTick_Handler                          0x00018117   Thumb Code     2  arm_startup_nrf51.o(.text)
    ADC_IRQHandler                           0x00018119   Thumb Code     0  arm_startup_nrf51.o(.text)
    CCM_AAR_IRQHandler                       0x00018119   Thumb Code     0  arm_startup_nrf51.o(.text)
    ECB_IRQHandler                           0x00018119   Thumb Code     0  arm_startup_nrf51.o(.text)
    LPCOMP_IRQHandler                        0x00018119   Thumb Code     0  arm_startup_nrf51.o(.text)
    POWER_CLOCK_IRQHandler                   0x00018119   Thumb Code     0  arm_startup_nrf51.o(.text)
    QDEC_IRQHandler                          0x00018119   Thumb Code     0  arm_startup_nrf51.o(.text)
    RADIO_IRQHandler                         0x00018119   Thumb Code     0  arm_startup_nrf51.o(.text)
    RNG_IRQHandler                           0x00018119   Thumb Code     0  arm_startup_nrf51.o(.text)
    RTC0_IRQHandler                          0x00018119   Thumb Code     0  arm_startup_nrf51.o(.text)
    SPI0_TWI0_IRQHandler                     0x00018119   Thumb Code     0  arm_startup_nrf51.o(.text)
    SWI1_IRQHandler                          0x00018119   Thumb Code     0  arm_startup_nrf51.o(.text)
    SWI3_IRQHandler                          0x00018119   Thumb Code     0  arm_startup_nrf51.o(.text)
    SWI4_IRQHandler                          0x00018119   Thumb Code     0  arm_startup_nrf51.o(.text)
    SWI5_IRQHandler                          0x00018119   Thumb Code     0  arm_startup_nrf51.o(.text)
    TEMP_IRQHandler                          0x00018119   Thumb Code     0  arm_startup_nrf51.o(.text)
    TIMER0_IRQHandler                        0x00018119   Thumb Code     0  arm_startup_nrf51.o(.text)
    TIMER1_IRQHandler                        0x00018119   Thumb Code     0  arm_startup_nrf51.o(.text)
    TIMER2_IRQHandler                        0x00018119   Thumb Code     0  arm_startup_nrf51.o(.text)
    WDT_IRQHandler                           0x00018119   Thumb Code     0  arm_startup_nrf51.o(.text)
    __aeabi_uidiv                            0x0001812d   Thumb Code     0  uidiv.o(.text)
    __aeabi_uidivmod                         0x0001812d   Thumb Code    44  uidiv.o(.text)
    __aeabi_memcpy                           0x00018159   Thumb Code    36  memcpya.o(.text)
    __aeabi_memcpy4                          0x00018159   Thumb Code     0  memcpya.o(.text)
    __aeabi_memcpy8                          0x00018159   Thumb Code     0  memcpya.o(.text)
    __aeabi_memset                           0x0001817d   Thumb Code    14  memseta.o(.text)
    __aeabi_memset4                          0x0001817d   Thumb Code     0  memseta.o(.text)
    __aeabi_memset8                          0x0001817d   Thumb Code     0  memseta.o(.text)
    __aeabi_memclr                           0x0001818b   Thumb Code     4  memseta.o(.text)
    __aeabi_memclr4                          0x0001818b   Thumb Code     0  memseta.o(.text)
    __aeabi_memclr8                          0x0001818b   Thumb Code     0  memseta.o(.text)
    _memset$wrapper                          0x0001818f   Thumb Code    18  memseta.o(.text)
    __scatterload                            0x000181a1   Thumb Code    28  init.o(.text)
    __scatterload_rt2                        0x000181a1   Thumb Code     0  init.o(.text)
    GPIOTE_IRQHandler                        0x000181c5   Thumb Code   234  nrf_drv_gpiote.o(i.GPIOTE_IRQHandler)
    RTC1_IRQHandler                          0x00018311   Thumb Code    28  app_timer.o(i.RTC1_IRQHandler)
    SPI1_TWI1_IRQHandler                     0x00018331   Thumb Code    78  spi_slave.o(i.SPI1_TWI1_IRQHandler)
    SWI0_IRQHandler                          0x00018391   Thumb Code    78  app_timer.o(i.SWI0_IRQHandler)
    SWI2_IRQHandler                          0x000183e5   Thumb Code    32  softdevice_handler.o(i.SWI2_IRQHandler)
    SystemInit                               0x00018409   Thumb Code    64  system_nrf51.o(i.SystemInit)
    UART0_IRQHandler                         0x0001845d   Thumb Code   110  app_uart_fifo.o(i.UART0_IRQHandler)
    __ARM_common_switch8                     0x000184dd   Thumb Code    26  bsp.o(i.__ARM_common_switch8)
    __scatterload_copy                       0x000184f7   Thumb Code    14  handlers.o(i.__scatterload_copy)
    __scatterload_null                       0x00018505   Thumb Code     2  handlers.o(i.__scatterload_null)
    __scatterload_zeroinit                   0x00018507   Thumb Code    14  handlers.o(i.__scatterload_zeroinit)
    action_tx_stop                           0x00018561   Thumb Code    26  app_uart_fifo.o(i.action_tx_stop)
    app_error_handler                        0x00018791   Thumb Code    16  app_error.o(i.app_error_handler)
    app_fifo_flush                           0x000187a9   Thumb Code     8  app_fifo.o(i.app_fifo_flush)
    app_fifo_get                             0x000187b1   Thumb Code    34  app_fifo.o(i.app_fifo_get)
    app_fifo_init                            0x000187d3   Thumb Code    36  app_fifo.o(i.app_fifo_init)
    app_fifo_put                             0x000187f7   Thumb Code    34  app_fifo.o(i.app_fifo_put)
    app_timer_create                         0x00018819   Thumb Code    72  app_timer.o(i.app_timer_create)
    app_timer_init                           0x00018865   Thumb Code   164  app_timer.o(i.app_timer_init)
    app_timer_start                          0x00018919   Thumb Code   122  app_timer.o(i.app_timer_start)
    app_timer_stop                           0x0001899d   Thumb Code    82  app_timer.o(i.app_timer_stop)
    ble_advdata_set                          0x000189f5   Thumb Code    90  ble_advdata.o(i.ble_advdata_set)
    ble_advertising_init                     0x00018a51   Thumb Code   284  ble_advertising.o(i.ble_advertising_init)
    ble_advertising_on_ble_evt               0x00018b75   Thumb Code   112  ble_advertising.o(i.ble_advertising_on_ble_evt)
    ble_advertising_start                    0x00018bf9   Thumb Code   470  ble_advertising.o(i.ble_advertising_start)
    ble_conn_params_init                     0x00018dd9   Thumb Code    72  ble_conn_params.o(i.ble_conn_params_init)
    ble_conn_params_on_ble_evt               0x00018e2d   Thumb Code   134  ble_conn_params.o(i.ble_conn_params_on_ble_evt)
    ble_gateway_init                         0x00018ee5   Thumb Code    82  ble_gateway.o(i.ble_gateway_init)
    ble_gateway_on_ble_evt                   0x00018f3d   Thumb Code    70  ble_gateway.o(i.ble_gateway_on_ble_evt)
    bsp_btn_ble_on_ble_evt                   0x00018f85   Thumb Code   114  bsp_btn_ble.o(i.bsp_btn_ble_on_ble_evt)
    bsp_event_to_button_action_assign        0x00018ffd   Thumb Code    66  bsp.o(i.bsp_event_to_button_action_assign)
    bsp_indication_set                       0x00019045   Thumb Code    22  bsp.o(i.bsp_indication_set)
    buffer_get                               0x00019251   Thumb Code    68  buffer.o(i.buffer_get)
    buffer_init                              0x00019295   Thumb Code    36  buffer.o(i.buffer_init)
    buffer_put                               0x000192b9   Thumb Code    44  buffer.o(i.buffer_put)
    intern_softdevice_events_execute         0x00019635   Thumb Code   124  softdevice_handler.o(i.intern_softdevice_events_execute)
    led_init                                 0x00019719   Thumb Code    12  led.o(i.led_init)
    led_set                                  0x00019729   Thumb Code    18  led.o(i.led_set)
    main                                     0x000198c5   Thumb Code   294  main.o(i.main)
    pstorage_access_status_get               0x00019c75   Thumb Code    30  pstorage.o(i.pstorage_access_status_get)
    softdevice_assertion_handler             0x00019d6d   Thumb Code    12  softdevice_handler.o(i.softdevice_assertion_handler)
    softdevice_ble_evt_handler_set           0x00019d79   Thumb Code    16  softdevice_handler.o(i.softdevice_ble_evt_handler_set)
    softdevice_handler_init                  0x00019d8d   Thumb Code    40  softdevice_handler.o(i.softdevice_handler_init)
    spi_slave_buffers_set                    0x00019dbd   Thumb Code    62  spi_slave.o(i.spi_slave_buffers_set)
    spi_slave_evt_handler_register           0x00019e3d   Thumb Code    16  spi_slave.o(i.spi_slave_evt_handler_register)
    spi_slave_gateway_init                   0x00019e51   Thumb Code   100  spi_slave_gateway.o(i.spi_slave_gateway_init)
    spi_slave_init                           0x00019ebd   Thumb Code   192  spi_slave.o(i.spi_slave_init)
    Region$$Table$$Base                      0x0001a338   Number         0  anon$$obj.o(Region$$Table)
    Region$$Table$$Limit                     0x0001a358   Number         0  anon$$obj.o(Region$$Table)
    conn_id_handle                           0x20002018   Data          16  main.o(.data)
    SystemCoreClock                          0x20002110   Data           4  system_nrf51.o(.data)
    conn_id_buffer                           0x20002400   Data         256  main.o(.bss)
    __initial_sp                             0x20002f70   Data           0  arm_startup_nrf51.o(STACK)



==============================================================================

Memory Map of the image

  Image Entry point : 0x000180c1

  Load Region LR_IROM1 (Base: 0x00018000, Size: 0x0000246c, Max: 0x00028000, ABSOLUTE)

    Execution Region ER_IROM1 (Base: 0x00018000, Size: 0x00002358, Max: 0x00028000, ABSOLUTE)

    Base Addr    Size         Type   Attr      Idx    E Section Name        Object

    0x00018000   0x000000c0   Data   RO         1879    RESET               arm_startup_nrf51.o
    0x000180c0   0x00000000   Code   RO         1921  * .ARM.Collect$$$$00000000  mc_p.l(entry.o)
    0x000180c0   0x00000004   Code   RO         1936    .ARM.Collect$$$$00000001  mc_p.l(entry2.o)
    0x000180c4   0x00000004   Code   RO         1939    .ARM.Collect$$$$00000004  mc_p.l(entry5.o)
    0x000180c8   0x00000000   Code   RO         1941    .ARM.Collect$$$$00000008  mc_p.l(entry7b.o)
    0x000180c8   0x00000000   Code   RO         1943    .ARM.Collect$$$$0000000A  mc_p.l(entry8b.o)
    0x000180c8   0x00000008   Code   RO         1944    .ARM.Collect$$$$0000000B  mc_p.l(entry9a.o)
    0x000180d0   0x00000000   Code   RO         1946    .ARM.Collect$$$$0000000D  mc_p.l(entry10a.o)
    0x000180d0   0x00000000   Code   RO         1948    .ARM.Collect$$$$0000000F  mc_p.l(entry11a.o)
    0x000180d0   0x00000004   Code   RO         1937    .ARM.Collect$$$$00002712  mc_p.l(entry2.o)
    0x000180d4   0x0000001e   Code   RO         1608    .emb_text           app_timer.o
    0x000180f2   0x00000002   PAD
    0x000180f4   0x00000038   Code   RO         1880    .text               arm_startup_nrf51.o
    0x0001812c   0x0000002c   Code   RO         1924    .text               mc_p.l(uidiv.o)
    0x00018158   0x00000024   Code   RO         1928    .text               mc_p.l(memcpya.o)
    0x0001817c   0x00000024   Code   RO         1930    .text               mc_p.l(memseta.o)
    0x000181a0   0x00000024   Code   RO         1950    .text               mc_p.l(init.o)
    0x000181c4   0x00000108   Code   RO         1012    i.GPIOTE_IRQHandler  nrf_drv_gpiote.o
    0x000182cc   0x00000044   Code   RO         1609    i.NVIC_SetPriority  app_timer.o
    0x00018310   0x00000020   Code   RO         1610    i.RTC1_IRQHandler   app_timer.o
    0x00018330   0x00000060   Code   RO         1436    i.SPI1_TWI1_IRQHandler  spi_slave.o
    0x00018390   0x00000054   Code   RO         1611    i.SWI0_IRQHandler   app_timer.o
    0x000183e4   0x00000024   Code   RO         1812    i.SWI2_IRQHandler   softdevice_handler.o
    0x00018408   0x00000054   Code   RO         1887    i.SystemInit        system_nrf51.o
    0x0001845c   0x00000080   Code   RO          845    i.UART0_IRQHandler  app_uart_fifo.o
    0x000184dc   0x0000001a   Code   RO          513    i.__ARM_common_switch8  bsp.o
    0x000184f6   0x0000000e   Code   RO         1954    i.__scatterload_copy  mc_p.l(handlers.o)
    0x00018504   0x00000002   Code   RO         1955    i.__scatterload_null  mc_p.l(handlers.o)
    0x00018506   0x0000000e   Code   RO         1956    i.__scatterload_zeroinit  mc_p.l(handlers.o)
    0x00018514   0x0000004c   Code   RO          846    i.action_tx_send    app_uart_fifo.o
    0x00018560   0x00000024   Code   RO          847    i.action_tx_stop    app_uart_fifo.o
    0x00018584   0x00000020   Code   RO          848    i.action_uart_deactivate  app_uart_fifo.o
    0x000185a4   0x0000014a   Code   RO          568    i.adv_data_encode   ble_advdata.o
    0x000186ee   0x0000003c   Code   RO          531    i.advertising_buttons_configure  bsp_btn_ble.o
    0x0001872a   0x00000002   PAD
    0x0001872c   0x00000064   Code   RO            3    i.advertising_init  main.o
    0x00018790   0x00000018   Code   RO         1555    i.app_error_handler  app_error.o
    0x000187a8   0x00000008   Code   RO         1576    i.app_fifo_flush    app_fifo.o
    0x000187b0   0x00000022   Code   RO         1577    i.app_fifo_get      app_fifo.o
    0x000187d2   0x00000024   Code   RO         1578    i.app_fifo_init     app_fifo.o
    0x000187f6   0x00000022   Code   RO         1579    i.app_fifo_put      app_fifo.o
    0x00018818   0x0000004c   Code   RO         1614    i.app_timer_create  app_timer.o
    0x00018864   0x000000b4   Code   RO         1615    i.app_timer_init    app_timer.o
    0x00018918   0x00000084   Code   RO         1616    i.app_timer_start   app_timer.o
    0x0001899c   0x00000058   Code   RO         1617    i.app_timer_stop    app_timer.o
    0x000189f4   0x0000005a   Code   RO          569    i.ble_advdata_set   ble_advdata.o
    0x00018a4e   0x00000002   PAD
    0x00018a50   0x00000124   Code   RO          628    i.ble_advertising_init  ble_advertising.o
    0x00018b74   0x00000074   Code   RO          629    i.ble_advertising_on_ble_evt  ble_advertising.o
    0x00018be8   0x00000010   Code   RO          632    i.ble_advertising_peer_address_clear  ble_advertising.o
    0x00018bf8   0x000001e0   Code   RO          634    i.ble_advertising_start  ble_advertising.o
    0x00018dd8   0x00000054   Code   RO          719    i.ble_conn_params_init  ble_conn_params.o
    0x00018e2c   0x00000090   Code   RO          720    i.ble_conn_params_on_ble_evt  ble_conn_params.o
    0x00018ebc   0x00000028   Code   RO            5    i.ble_evt_dispatch  main.o
    0x00018ee4   0x00000058   Code   RO          248    i.ble_gateway_init  ble_gateway.o
    0x00018f3c   0x00000046   Code   RO          249    i.ble_gateway_on_ble_evt  ble_gateway.o
    0x00018f82   0x00000002   PAD
    0x00018f84   0x00000078   Code   RO          533    i.bsp_btn_ble_on_ble_evt  bsp_btn_ble.o
    0x00018ffc   0x00000048   Code   RO          428    i.bsp_event_to_button_action_assign  bsp.o
    0x00019044   0x0000001c   Code   RO          429    i.bsp_indication_set  bsp.o
    0x00019060   0x000001f0   Code   RO          432    i.bsp_led_indication  bsp.o
    0x00019250   0x00000044   Code   RO          350    i.buffer_get        buffer.o
    0x00019294   0x00000024   Code   RO          351    i.buffer_init       buffer.o
    0x000192b8   0x0000002c   Code   RO          352    i.buffer_put        buffer.o
    0x000192e4   0x00000010   Code   RO         1015    i.channel_port_get  nrf_drv_gpiote.o
    0x000192f4   0x000000a4   Code   RO         1619    i.compare_reg_update  app_timer.o
    0x00019398   0x00000080   Code   RO          250    i.conn_id_char_add  ble_gateway.o
    0x00019418   0x00000084   Code   RO          570    i.conn_int_encode   ble_advdata.o
    0x0001949c   0x0000000c   Code   RO            7    i.conn_params_error_handler  main.o
    0x000194a8   0x00000064   Code   RO          722    i.conn_params_negotiation  ble_conn_params.o
    0x0001950c   0x00000040   Code   RO         1620    i.elapsed_ticks_acquire  app_timer.o
    0x0001954c   0x00000058   Code   RO         1621    i.expired_timers_handler  app_timer.o
    0x000195a4   0x0000002c   Code   RO            8    i.gateway_data_handler  main.o
    0x000195d0   0x00000064   Code   RO            9    i.get_data          main.o
    0x00019634   0x00000080   Code   RO         1813    i.intern_softdevice_events_execute  softdevice_handler.o
    0x000196b4   0x0000001c   Code   RO          723    i.is_conn_params_ok  ble_conn_params.o
    0x000196d0   0x00000048   Code   RO         1888    i.is_manual_peripheral_setup_needed  system_nrf51.o
    0x00019718   0x00000010   Code   RO          388    i.led_init          led.o
    0x00019728   0x00000018   Code   RO          389    i.led_set           led.o
    0x00019740   0x00000094   Code   RO         1622    i.list_deletions_handler  app_timer.o
    0x000197d4   0x000000f0   Code   RO         1623    i.list_insertions_handler  app_timer.o
    0x000198c4   0x00000158   Code   RO           10    i.main              main.o
    0x00019a1c   0x00000064   Code   RO          571    i.manuf_specific_data_encode  ble_advdata.o
    0x00019a80   0x0000006a   Code   RO          572    i.name_encode       ble_advdata.o
    0x00019aea   0x00000002   PAD
    0x00019aec   0x00000020   Code   RO         1035    i.nrf_gpio_cfg_sense_set  nrf_drv_gpiote.o
    0x00019b0c   0x00000014   Code   RO         1036    i.nrf_gpiote_event_is_set  nrf_drv_gpiote.o
    0x00019b20   0x0000001e   Code   RO           11    i.on_adv_evt        main.o
    0x00019b3e   0x00000002   PAD
    0x00019b40   0x00000070   Code   RO           12    i.on_ble_evt        main.o
    0x00019bb0   0x00000024   Code   RO           13    i.on_conn_params_evt  main.o
    0x00019bd4   0x00000088   Code   RO          856    i.on_uart_event     app_uart_fifo.o
    0x00019c5c   0x00000016   Code   RO          636    i.peer_address_exists  ble_advertising.o
    0x00019c72   0x00000002   PAD
    0x00019c74   0x00000028   Code   RO         1210    i.pstorage_access_status_get  pstorage.o
    0x00019c9c   0x00000044   Code   RO         1624    i.rtc1_stop         app_timer.o
    0x00019ce0   0x0000007c   Code   RO          573    i.service_data_encode  ble_advdata.o
    0x00019d5c   0x00000010   Code   RO         1437    i.sm_state_change   spi_slave.o
    0x00019d6c   0x0000000c   Code   RO         1814    i.softdevice_assertion_handler  softdevice_handler.o
    0x00019d78   0x00000014   Code   RO         1815    i.softdevice_ble_evt_handler_set  softdevice_handler.o
    0x00019d8c   0x00000030   Code   RO         1816    i.softdevice_handler_init  softdevice_handler.o
    0x00019dbc   0x00000044   Code   RO         1438    i.spi_slave_buffers_set  spi_slave.o
    0x00019e00   0x0000003c   Code   RO          307    i.spi_slave_event_handle  spi_slave_gateway.o
    0x00019e3c   0x00000014   Code   RO         1439    i.spi_slave_evt_handler_register  spi_slave.o
    0x00019e50   0x0000006c   Code   RO          308    i.spi_slave_gateway_init  spi_slave_gateway.o
    0x00019ebc   0x000000e8   Code   RO         1440    i.spi_slave_init    spi_slave.o
    0x00019fa4   0x00000060   Code   RO         1443    i.state_entry_action_execute  spi_slave.o
    0x0001a004   0x00000010   Code   RO         1625    i.timer_list_handler_sched  app_timer.o
    0x0001a014   0x00000064   Code   RO         1626    i.timer_list_insert  app_timer.o
    0x0001a078   0x00000070   Code   RO         1627    i.timer_list_remove  app_timer.o
    0x0001a0e8   0x00000080   Code   RO         1628    i.timer_timeouts_check  app_timer.o
    0x0001a168   0x0000000a   Code   RO          574    i.uint16_encode     ble_advdata.o
    0x0001a172   0x00000002   PAD
    0x0001a174   0x00000064   Code   RO          724    i.update_timeout_handler  ble_conn_params.o
    0x0001a1d8   0x00000054   Code   RO         1629    i.user_id_get       app_timer.o
    0x0001a22c   0x00000024   Code   RO         1630    i.user_op_alloc     app_timer.o
    0x0001a250   0x00000026   Code   RO          575    i.uuid_list_encode  ble_advdata.o
    0x0001a276   0x000000a2   Code   RO          576    i.uuid_list_sized_encode  ble_advdata.o
    0x0001a318   0x00000010   Code   RO          637    i.whitelist_has_entries  ble_advertising.o
    0x0001a328   0x00000010   Data   RO          251    .constdata          ble_gateway.o
    0x0001a338   0x00000020   Data   RO         1952    Region$$Table       anon$$obj.o


    Execution Region RW_IRAM1 (Base: 0x20002000, Size: 0x00000f70, Max: 0x00006000, ABSOLUTE)

    Base Addr    Size         Type   Attr      Idx    E Section Name        Object

    0x20002000   0x00000028   Data   RW           16    .data               main.o
    0x20002028   0x00000004   Data   RW          309    .data               spi_slave_gateway.o
    0x2000202c   0x00000020   Data   RW          438    .data               bsp.o
    0x2000204c   0x00000008   Data   RW          535    .data               bsp_btn_ble.o
    0x20002054   0x0000001f   Data   RW          639    .data               ble_advertising.o
    0x20002073   0x00000001   PAD
    0x20002074   0x00000018   Data   RW          726    .data               ble_conn_params.o
    0x2000208c   0x00000008   Data   RW          859    .data               app_uart_fifo.o
    0x20002094   0x00000024   Data   RW         1235    .data               pstorage.o
    0x200020b8   0x00000020   Data   RW         1444    .data               spi_slave.o
    0x200020d8   0x00000024   Data   RW         1631    .data               app_timer.o
    0x200020fc   0x00000014   Data   RW         1819    .data               softdevice_handler.o
    0x20002110   0x00000004   Data   RW         1889    .data               system_nrf51.o
    0x20002114   0x000002ec   Zero   RW           14    .bss                main.o
    0x20002400   0x00000100   Zero   RW           15    .bss                main.o
    0x20002500   0x0000000c   Zero   RW          436    .bss                bsp.o
    0x2000250c   0x000000fb   Zero   RW          638    .bss                ble_advertising.o
    0x20002607   0x00000001   PAD
    0x20002608   0x0000001c   Zero   RW          725    .bss                ble_conn_params.o
    0x20002624   0x00000020   Zero   RW          857    .bss                app_uart_fifo.o
    0x20002644   0x00000050   Zero   RW         1039    .bss                nrf_drv_gpiote.o
    0x20002694   0x000000d8   Zero   RW         1233    .bss                pstorage.o
    0x2000276c   0x00000004   PAD
    0x20002770   0x00000800   Zero   RW         1877    STACK               arm_startup_nrf51.o


==============================================================================

Image component sizes


      Code (inc. data)   RO Data    RW Data    ZI Data      Debug   Object Name

        24          8          0          0          0       6896   app_error.o
       112          0          0          0          0       3295   app_fifo.o
      1938        160          0         36          0      26931   app_timer.o
       408         86          0          8         32      11040   app_uart_fifo.o
        56         18        192          0       2048        700   arm_startup_nrf51.o
      1092          6          0          0          0      11790   ble_advdata.o
       942         26          0         31        251      10072   ble_advertising.o
       456         50          0         24         28      11816   ble_conn_params.o
       286          6         16          0          0      35396   ble_gateway.o
       622         52          0         32         12       6829   bsp.o
       180          6          0          8          0       3157   bsp_btn_ble.o
       148          0          0          0          0       2139   buffer.o
        40         10          0          0          0       3601   led.o
       818         84          0         40       1004      64771   main.o
         0          0          0          0          0        744   nrf_drv_common.o
       332         48          0          0         80      12260   nrf_drv_gpiote.o
        40         10          0         36        216       9213   pstorage.o
       244         20          0         20          0       9535   softdevice_handler.o
       528         84          0         32          0       6049   spi_slave.o
       168         12          0          4          0      22573   spi_slave_gateway.o
       156         26          0          4          0       2123   system_nrf51.o

    ----------------------------------------------------------------------
      8606        712        240        276       3676     260930   Object Totals
         0          0         32          0          0          0   (incl. Generated)
        16          0          0          1          5          0   (incl. Padding)

    ----------------------------------------------------------------------

      Code (inc. data)   RO Data    RW Data    ZI Data      Debug   Library Member Name

         0          0          0          0          0          0   entry.o
         0          0          0          0          0          0   entry10a.o
         0          0          0          0          0          0   entry11a.o
         8          4          0          0          0          0   entry2.o
         4          0          0          0          0          0   entry5.o
         0          0          0          0          0          0   entry7b.o
         0          0          0          0          0          0   entry8b.o
         8          4          0          0          0          0   entry9a.o
        30          0          0          0          0          0   handlers.o
        36          8          0          0          0         68   init.o
        36          0          0          0          0         60   memcpya.o
        36          0          0          0          0        100   memseta.o
        44          0          0          0          0         72   uidiv.o

    ----------------------------------------------------------------------
       202         16          0          0          0        300   Library Totals
         0          0          0          0          0          0   (incl. Padding)

    ----------------------------------------------------------------------

      Code (inc. data)   RO Data    RW Data    ZI Data      Debug   Library Name

       202         16          0          0          0        300   mc_p.l

    ----------------------------------------------------------------------
       202         16          0          0          0        300   Library Totals

    ----------------------------------------------------------------------

==============================================================================


      Code (inc. data)   RO Data    RW Data    ZI Data      Debug   

      8808        728        240        276       3676     257326   Grand Totals
      8808        728        240        276       3676     257326   ELF Image Totals
      8808        728        240        276          0          0   ROM Totals

==============================================================================

    Total RO  Size (Code + RO Data)                 9048 (   8.84kB)
    Total RW  Size (RW Data + ZI Data)              3952 (   3.86kB)
    Total ROM Size (Code + RO Data + RW Data)       9324 (   9.11kB)

==============================================================================

